Archive member included to satisfy reference by file (symbol)

bin_dsp\libCMSISDSP.a(arm_cos_f32.c.obj)
                              CMakeFiles/Balanced_Infantry.elf.dir/App/Controller.c.obj (arm_cos_f32)
bin_dsp\libCMSISDSP.a(arm_sin_f32.c.obj)
                              CMakeFiles/Balanced_Infantry.elf.dir/App/Controller.c.obj (arm_sin_f32)
bin_dsp\libCMSISDSP.a(arm_atan2_f32.c.obj)
                              CMakeFiles/Balanced_Infantry.elf.dir/App/Controller.c.obj (arm_atan2_f32)
bin_dsp\libCMSISDSP.a(arm_mat_add_f32.c.obj)
                              CMakeFiles/Balanced_Infantry.elf.dir/Device/Algorithm/QuaternionEKF.c.obj (arm_mat_add_f32)
bin_dsp\libCMSISDSP.a(arm_mat_init_f32.c.obj)
                              CMakeFiles/Balanced_Infantry.elf.dir/Device/Algorithm/QuaternionEKF.c.obj (arm_mat_init_f32)
bin_dsp\libCMSISDSP.a(arm_mat_inverse_f32.c.obj)
                              CMakeFiles/Balanced_Infantry.elf.dir/Device/Algorithm/QuaternionEKF.c.obj (arm_mat_inverse_f32)
bin_dsp\libCMSISDSP.a(arm_mat_mult_f32.c.obj)
                              CMakeFiles/Balanced_Infantry.elf.dir/Device/Algorithm/QuaternionEKF.c.obj (arm_mat_mult_f32)
bin_dsp\libCMSISDSP.a(arm_mat_sub_f32.c.obj)
                              CMakeFiles/Balanced_Infantry.elf.dir/Device/Algorithm/QuaternionEKF.c.obj (arm_mat_sub_f32)
bin_dsp\libCMSISDSP.a(arm_mat_trans_f32.c.obj)
                              CMakeFiles/Balanced_Infantry.elf.dir/Device/Algorithm/QuaternionEKF.c.obj (arm_mat_trans_f32)
bin_dsp\libCMSISDSP.a(arm_common_tables.c.obj)
                              bin_dsp\libCMSISDSP.a(arm_cos_f32.c.obj) (sinTable_f32)
c:/gcc-arm-none-eabi-10.3-2021.10/bin/../lib/gcc/arm-none-eabi/10.3.1/thumb/v7e-m+fp/hard\libgcc.a(_arm_addsubdf3.o)
                              CMakeFiles/Balanced_Infantry.elf.dir/Device/BMI088/bsp_dwt.c.obj (__aeabi_ui2d)
c:/gcc-arm-none-eabi-10.3-2021.10/bin/../lib/gcc/arm-none-eabi/10.3.1/thumb/v7e-m+fp/hard\libgcc.a(_arm_muldivdf3.o)
                              CMakeFiles/Balanced_Infantry.elf.dir/App/imu_temp_ctrl.c.obj (__aeabi_ddiv)
c:/gcc-arm-none-eabi-10.3-2021.10/bin/../lib/gcc/arm-none-eabi/10.3.1/thumb/v7e-m+fp/hard\libgcc.a(_arm_truncdfsf2.o)
                              CMakeFiles/Balanced_Infantry.elf.dir/App/imu_temp_ctrl.c.obj (__aeabi_d2f)
c:/gcc-arm-none-eabi-10.3-2021.10/bin/../lib/gcc/arm-none-eabi/10.3.1/thumb/v7e-m+fp/hard\libgcc.a(_aeabi_uldivmod.o)
                              CMakeFiles/Balanced_Infantry.elf.dir/Device/BMI088/bsp_dwt.c.obj (__aeabi_uldivmod)
c:/gcc-arm-none-eabi-10.3-2021.10/bin/../lib/gcc/arm-none-eabi/10.3.1/thumb/v7e-m+fp/hard\libgcc.a(_udivmoddi4.o)
                              c:/gcc-arm-none-eabi-10.3-2021.10/bin/../lib/gcc/arm-none-eabi/10.3.1/thumb/v7e-m+fp/hard\libgcc.a(_aeabi_uldivmod.o) (__udivmoddi4)
c:/gcc-arm-none-eabi-10.3-2021.10/bin/../lib/gcc/arm-none-eabi/10.3.1/thumb/v7e-m+fp/hard\libgcc.a(_dvmd_tls.o)
                              c:/gcc-arm-none-eabi-10.3-2021.10/bin/../lib/gcc/arm-none-eabi/10.3.1/thumb/v7e-m+fp/hard\libgcc.a(_aeabi_uldivmod.o) (__aeabi_ldiv0)
c:/gcc-arm-none-eabi-10.3-2021.10/bin/../lib/gcc/arm-none-eabi/10.3.1/../../../../arm-none-eabi/lib/thumb/v7e-m+fp/hard\libg.a(lib_a-atoff.o)
                              CMakeFiles/Balanced_Infantry.elf.dir/BSP/bsp_usart.c.obj (atoff)
c:/gcc-arm-none-eabi-10.3-2021.10/bin/../lib/gcc/arm-none-eabi/10.3.1/../../../../arm-none-eabi/lib/thumb/v7e-m+fp/hard\libg.a(lib_a-errno.o)
                              CMakeFiles/Balanced_Infantry.elf.dir/Core/Src/syscalls.c.obj (__errno)
c:/gcc-arm-none-eabi-10.3-2021.10/bin/../lib/gcc/arm-none-eabi/10.3.1/../../../../arm-none-eabi/lib/thumb/v7e-m+fp/hard\libg.a(lib_a-exit.o)
                              c:/gcc-arm-none-eabi-10.3-2021.10/bin/../lib/gcc/arm-none-eabi/10.3.1/../../../../arm-none-eabi/lib/thumb/v7e-m+fp/hard/crt0.o (exit)
c:/gcc-arm-none-eabi-10.3-2021.10/bin/../lib/gcc/arm-none-eabi/10.3.1/../../../../arm-none-eabi/lib/thumb/v7e-m+fp/hard\libg.a(lib_a-impure.o)
                              c:/gcc-arm-none-eabi-10.3-2021.10/bin/../lib/gcc/arm-none-eabi/10.3.1/../../../../arm-none-eabi/lib/thumb/v7e-m+fp/hard\libg.a(lib_a-exit.o) (_global_impure_ptr)
c:/gcc-arm-none-eabi-10.3-2021.10/bin/../lib/gcc/arm-none-eabi/10.3.1/../../../../arm-none-eabi/lib/thumb/v7e-m+fp/hard\libg.a(lib_a-init.o)
                              c:/gcc-arm-none-eabi-10.3-2021.10/bin/../lib/gcc/arm-none-eabi/10.3.1/../../../../arm-none-eabi/lib/thumb/v7e-m+fp/hard/crt0.o (__libc_init_array)
c:/gcc-arm-none-eabi-10.3-2021.10/bin/../lib/gcc/arm-none-eabi/10.3.1/../../../../arm-none-eabi/lib/thumb/v7e-m+fp/hard\libg.a(lib_a-memcpy.o)
                              CMakeFiles/Balanced_Infantry.elf.dir/BSP/bsp_can.c.obj (memcpy)
c:/gcc-arm-none-eabi-10.3-2021.10/bin/../lib/gcc/arm-none-eabi/10.3.1/../../../../arm-none-eabi/lib/thumb/v7e-m+fp/hard\libg.a(lib_a-memset.o)
[...]
Memory Configuration

Name             Origin             Length             Attributes
ITCMRAM          0x00000000         0x00010000         xrw
DTCMRAM          0x20000000         0x00020000         xrw
FLASH            0x08000000         0x00100000         xr
RAM_D1           0x24000000         0x00050000         xrw
RAM_D2           0x30000000         0x00008000         xrw
RAM_D3           0x38000000         0x00004000         xrw
*default*        0x00000000         0xffffffff

Linker script and memory map

LOAD c:/gcc-arm-none-eabi-10.3-2021.10/bin/../lib/gcc/arm-none-eabi/10.3.1/thumb/v7e-m+fp/hard/crti.o
LOAD c:/gcc-arm-none-eabi-10.3-2021.10/bin/../lib/gcc/arm-none-eabi/10.3.1/thumb/v7e-m+fp/hard/crtbegin.o
LOAD c:/gcc-arm-none-eabi-10.3-2021.10/bin/../lib/gcc/arm-none-eabi/10.3.1/../../../../arm-none-eabi/lib/thumb/v7e-m+fp/hard/crt0.o
LOAD CMakeFiles/Balanced_Infantry.elf.dir/App/Controller.c.obj
LOAD CMakeFiles/Balanced_Infantry.elf.dir/App/imu_temp_ctrl.c.obj
LOAD CMakeFiles/Balanced_Infantry.elf.dir/App/observer.c.obj
LOAD CMakeFiles/Balanced_Infantry.elf.dir/BSP/bsp_can.c.obj
LOAD CMakeFiles/Balanced_Infantry.elf.dir/BSP/bsp_motor.c.obj
LOAD CMakeFiles/Balanced_Infantry.elf.dir/BSP/bsp_rc.c.obj
LOAD CMakeFiles/Balanced_Infantry.elf.dir/BSP/bsp_super_cap.c.obj
LOAD CMakeFiles/Balanced_Infantry.elf.dir/BSP/bsp_usart.c.obj
LOAD CMakeFiles/Balanced_Infantry.elf.dir/Core/Src/adc.c.obj
LOAD CMakeFiles/Balanced_Infantry.elf.dir/Core/Src/dma.c.obj
LOAD CMakeFiles/Balanced_Infantry.elf.dir/Core/Src/fdcan.c.obj
LOAD CMakeFiles/Balanced_Infantry.elf.dir/Core/Src/freertos.c.obj
LOAD CMakeFiles/Balanced_Infantry.elf.dir/Core/Src/gpio.c.obj
LOAD CMakeFiles/Balanced_Infantry.elf.dir/Core/Src/main.c.obj
LOAD CMakeFiles/Balanced_Infantry.elf.dir/Core/Src/memorymap.c.obj
LOAD CMakeFiles/Balanced_Infantry.elf.dir/Core/Src/spi.c.obj
LOAD CMakeFiles/Balanced_Infantry.elf.dir/Core/Src/stm32h7xx_hal_msp.c.obj
LOAD CMakeFiles/Balanced_Infantry.elf.dir/Core/Src/stm32h7xx_hal_timebase_tim.c.obj
LOAD CMakeFiles/Balanced_Infantry.elf.dir/Core/Src/stm32h7xx_it.c.obj
LOAD CMakeFiles/Balanced_Infantry.elf.dir/Core/Src/syscalls.c.obj
LOAD CMakeFiles/Balanced_Infantry.elf.dir/Core/Src/sysmem.c.obj
LOAD CMakeFiles/Balanced_Infantry.elf.dir/Core/Src/system_stm32h7xx.c.obj
LOAD CMakeFiles/Balanced_Infantry.elf.dir/Core/Src/tim.c.obj
LOAD CMakeFiles/Balanced_Infantry.elf.dir/Core/Src/usart.c.obj
LOAD CMakeFiles/Balanced_Infantry.elf.dir/Core/Startup/startup_stm32h723vgtx.s.obj
LOAD CMakeFiles/Balanced_Infantry.elf.dir/Device/Algorithm/QuaternionEKF.c.obj
LOAD CMakeFiles/Balanced_Infantry.elf.dir/Device/Algorithm/controller.c.obj
LOAD CMakeFiles/Balanced_Infantry.elf.dir/Device/Algorithm/kalman_filter.c.obj
LOAD CMakeFiles/Balanced_Infantry.elf.dir/Device/Algorithm/pid.c.obj
LOAD CMakeFiles/Balanced_Infantry.elf.dir/Device/Algorithm/user_lib.c.obj
LOAD CMakeFiles/Balanced_Infantry.elf.dir/Device/BMI088/BMI088Middleware.c.obj
LOAD CMakeFiles/Balanced_Infantry.elf.dir/Device/BMI088/BMI088driver.c.obj
LOAD CMakeFiles/Balanced_Infantry.elf.dir/Device/BMI088/bsp_dwt.c.obj
LOAD CMakeFiles/Balanced_Infantry.elf.dir/Device/Mahony/MahonyAHRS.c.obj
LOAD CMakeFiles/Balanced_Infantry.elf.dir/Drivers/STM32H7xx_HAL_Driver/Src/stm32h7xx_hal.c.obj
LOAD CMakeFiles/Balanced_Infantry.elf.dir/Drivers/STM32H7xx_HAL_Driver/Src/stm32h7xx_hal_adc.c.obj
LOAD CMakeFiles/Balanced_Infantry.elf.dir/Drivers/STM32H7xx_HAL_Driver/Src/stm32h7xx_hal_adc_ex.c.obj
LOAD CMakeFiles/Balanced_Infantry.elf.dir/Drivers/STM32H7xx_HAL_Driver/Src/stm32h7xx_hal_cortex.c.obj
LOAD CMakeFiles/Balanced_Infantry.elf.dir/Drivers/STM32H7xx_HAL_Driver/Src/stm32h7xx_hal_dma.c.obj
LOAD CMakeFiles/Balanced_Infantry.elf.dir/Drivers/STM32H7xx_HAL_Driver/Src/stm32h7xx_hal_dma_ex.c.obj
LOAD CMakeFiles/Balanced_Infantry.elf.dir/Drivers/STM32H7xx_HAL_Driver/Src/stm32h7xx_hal_exti.c.obj
LOAD CMakeFiles/Balanced_Infantry.elf.dir/Drivers/STM32H7xx_HAL_Driver/Src/stm32h7xx_hal_fdcan.c.obj
LOAD CMakeFiles/Balanced_Infantry.elf.dir/Drivers/STM32H7xx_HAL_Driver/Src/stm32h7xx_hal_flash.c.obj
LOAD CMakeFiles/Balanced_Infantry.elf.dir/Drivers/STM32H7xx_HAL_Driver/Src/stm32h7xx_hal_flash_ex.c.obj
LOAD CMakeFiles/Balanced_Infantry.elf.dir/Drivers/STM32H7xx_HAL_Driver/Src/stm32h7xx_hal_gpio.c.obj
LOAD CMakeFiles/Balanced_Infantry.elf.dir/Drivers/STM32H7xx_HAL_Driver/Src/stm32h7xx_hal_hsem.c.obj
LOAD CMakeFiles/Balanced_Infantry.elf.dir/Drivers/STM32H7xx_HAL_Driver/Src/stm32h7xx_hal_i2c.c.obj
LOAD CMakeFiles/Balanced_Infantry.elf.dir/Drivers/STM32H7xx_HAL_Driver/Src/stm32h7xx_hal_i2c_ex.c.obj
LOAD CMakeFiles/Balanced_Infantry.elf.dir/Drivers/STM32H7xx_HAL_Driver/Src/stm32h7xx_hal_mdma.c.obj
LOAD CMakeFiles/Balanced_Infantry.elf.dir/Drivers/STM32H7xx_HAL_Driver/Src/stm32h7xx_hal_pcd.c.obj
LOAD CMakeFiles/Balanced_Infantry.elf.dir/Drivers/STM32H7xx_HAL_Driver/Src/stm32h7xx_hal_pcd_ex.c.obj
LOAD CMakeFiles/Balanced_Infantry.elf.dir/Drivers/STM32H7xx_HAL_Driver/Src/stm32h7xx_hal_pwr.c.obj
LOAD CMakeFiles/Balanced_Infantry.elf.dir/Drivers/STM32H7xx_HAL_Driver/Src/stm32h7xx_hal_pwr_ex.c.obj
LOAD CMakeFiles/Balanced_Infantry.elf.dir/Drivers/STM32H7xx_HAL_Driver/Src/stm32h7xx_hal_rcc.c.obj
LOAD CMakeFiles/Balanced_Infantry.elf.dir/Drivers/STM32H7xx_HAL_Driver/Src/stm32h7xx_hal_rcc_ex.c.obj
LOAD CMakeFiles/Balanced_Infantry.elf.dir/Drivers/STM32H7xx_HAL_Driver/Src/stm32h7xx_hal_spi.c.obj
LOAD CMakeFiles/Balanced_Infantry.elf.dir/Drivers/STM32H7xx_HAL_Driver/Src/stm32h7xx_hal_spi_ex.c.obj
LOAD CMakeFiles/Balanced_Infantry.elf.dir/Drivers/STM32H7xx_HAL_Driver/Src/stm32h7xx_hal_tim.c.obj
LOAD CMakeFiles/Balanced_Infantry.elf.dir/Drivers/STM32H7xx_HAL_Driver/Src/stm32h7xx_hal_tim_ex.c.obj
LOAD CMakeFiles/Balanced_Infantry.elf.dir/Drivers/STM32H7xx_HAL_Driver/Src/stm32h7xx_hal_uart.c.obj
LOAD CMakeFiles/Balanced_Infantry.elf.dir/Drivers/STM32H7xx_HAL_Driver/Src/stm32h7xx_hal_uart_ex.c.obj
LOAD CMakeFiles/Balanced_Infantry.elf.dir/Drivers/STM32H7xx_HAL_Driver/Src/stm32h7xx_ll_usb.c.obj
LOAD CMakeFiles/Balanced_Infantry.elf.dir/Middlewares/ST/STM32_USB_Device_Library/Class/CDC/Src/usbd_cdc.c.obj
LOAD CMakeFiles/Balanced_Infantry.elf.dir/Middlewares/ST/STM32_USB_Device_Library/Core/Src/usbd_core.c.obj
LOAD CMakeFiles/Balanced_Infantry.elf.dir/Middlewares/ST/STM32_USB_Device_Library/Core/Src/usbd_ctlreq.c.obj
LOAD CMakeFiles/Balanced_Infantry.elf.dir/Middlewares/ST/STM32_USB_Device_Library/Core/Src/usbd_ioreq.c.obj
LOAD CMakeFiles/Balanced_Infantry.elf.dir/Middlewares/Third_Party/FreeRTOS/Source/CMSIS_RTOS/cmsis_os.c.obj
LOAD CMakeFiles/Balanced_Infantry.elf.dir/Middlewares/Third_Party/FreeRTOS/Source/croutine.c.obj
LOAD CMakeFiles/Balanced_Infantry.elf.dir/Middlewares/Third_Party/FreeRTOS/Source/event_groups.c.obj
LOAD CMakeFiles/Balanced_Infantry.elf.dir/Middlewares/Third_Party/FreeRTOS/Source/list.c.obj
LOAD CMakeFiles/Balanced_Infantry.elf.dir/Middlewares/Third_Party/FreeRTOS/Source/portable/GCC/ARM_CM4F/port.c.obj
LOAD CMakeFiles/Balanced_Infantry.elf.dir/Middlewares/Third_Party/FreeRTOS/Source/portable/MemMang/heap_4.c.obj
LOAD CMakeFiles/Balanced_Infantry.elf.dir/Middlewares/Third_Party/FreeRTOS/Source/queue.c.obj
LOAD CMakeFiles/Balanced_Infantry.elf.dir/Middlewares/Third_Party/FreeRTOS/Source/stream_buffer.c.obj
LOAD CMakeFiles/Balanced_Infantry.elf.dir/Middlewares/Third_Party/FreeRTOS/Source/tasks.c.obj
LOAD CMakeFiles/Balanced_Infantry.elf.dir/Middlewares/Third_Party/FreeRTOS/Source/timers.c.obj
LOAD CMakeFiles/Balanced_Infantry.elf.dir/TASK/Buzzer_Task.c.obj
LOAD CMakeFiles/Balanced_Infantry.elf.dir/TASK/Chassis_Task.c.obj
LOAD CMakeFiles/Balanced_Infantry.elf.dir/TASK/Debug_Task.c.obj
LOAD CMakeFiles/Balanced_Infantry.elf.dir/TASK/Detect_Task.c.obj
LOAD CMakeFiles/Balanced_Infantry.elf.dir/TASK/Gimbal_Task.c.obj
LOAD CMakeFiles/Balanced_Infantry.elf.dir/TASK/Information_Task.c.obj
LOAD CMakeFiles/Balanced_Infantry.elf.dir/TASK/Shoot_Task.c.obj
LOAD CMakeFiles/Balanced_Infantry.elf.dir/TASK/Super_cap_Task.c.obj
LOAD CMakeFiles/Balanced_Infantry.elf.dir/USB_DEVICE/App/usb_device.c.obj
LOAD CMakeFiles/Balanced_Infantry.elf.dir/USB_DEVICE/App/usbd_cdc_if.c.obj
LOAD CMakeFiles/Balanced_Infantry.elf.dir/USB_DEVICE/App/usbd_desc.c.obj
LOAD CMakeFiles/Balanced_Infantry.elf.dir/USB_DEVICE/Target/usbd_conf.c.obj
LOAD CMakeFiles/Balanced_Infantry.elf.dir/User/custom_lib.c.obj
LOAD CMakeFiles/Balanced_Infantry.elf.dir/User/dm_motor_drv.c.obj
LOAD CMakeFiles/Balanced_Infantry.elf.dir/User/remote_control.c.obj
LOAD CMakeFiles/Balanced_Infantry.elf.dir/vofa+/vofa.c.obj
LOAD bin_dsp\libCMSISDSP.a
START GROUP
LOAD c:/gcc-arm-none-eabi-10.3-2021.10/bin/../lib/gcc/arm-none-eabi/10.3.1/thumb/v7e-m+fp/hard\libgcc.a
LOAD c:/gcc-arm-none-eabi-10.3-2021.10/bin/../lib/gcc/arm-none-eabi/10.3.1/../../../../arm-none-eabi/lib/thumb/v7e-m+fp/hard\libg.a
LOAD c:/gcc-arm-none-eabi-10.3-2021.10/bin/../lib/gcc/arm-none-eabi/10.3.1/../../../../arm-none-eabi/lib/thumb/v7e-m+fp/hard\libc.a
END GROUP
LOAD c:/gcc-arm-none-eabi-10.3-2021.10/bin/../lib/gcc/arm-none-eabi/10.3.1/thumb/v7e-m+fp/hard/crtend.o
LOAD c:/gcc-arm-none-eabi-10.3-2021.10/bin/../lib/gcc/arm-none-eabi/10.3.1/thumb/v7e-m+fp/hard/crtn.o
                0x24050000                _estack = (ORIGIN (RAM_D1) + LENGTH (RAM_D1))
                0x00001000                _Min_Heap_Size = 0x1000
                0x00002000                _Min_Stack_Size = 0x2000

.isr_vector     0x08000000      0x2cc
                0x08000000                . = ALIGN (0x4)
 *(.isr_vector)
 .isr_vector    0x08000000      0x2cc CMakeFiles/Balanced_Infantry.elf.dir/Core/Startup/startup_stm32h723vgtx.s.obj
                0x08000000                g_pfnVectors
                0x080002cc                . = ALIGN (0x4)

.text           0x08000300    0x1c9f4
                0x08000300                . = ALIGN (0x4)
 *(.text)
 .text          0x08000300       0x40 c:/gcc-arm-none-eabi-10.3-2021.10/bin/../lib/gcc/arm-none-eabi/10.3.1/thumb/v7e-m+fp/hard/crtbegin.o
 .text          0x08000340      0x378 c:/gcc-arm-none-eabi-10.3-2021.10/bin/../lib/gcc/arm-none-eabi/10.3.1/thumb/v7e-m+fp/hard\libgcc.a(_arm_addsubdf3.o)
                0x08000340                __aeabi_drsub
                0x08000348                __aeabi_dsub
                0x08000348                __subdf3
                0x0800034c                __aeabi_dadd
                0x0800034c                __adddf3
                0x080005c4                __floatunsidf
                0x080005c4                __aeabi_ui2d
                0x080005e4                __floatsidf
                0x080005e4                __aeabi_i2d
                0x08000608                __aeabi_f2d
                0x08000608                __extendsfdf2
                0x0800064c                __floatundidf
                0x0800064c                __aeabi_ul2d
                0x0800065c                __floatdidf
                0x0800065c                __aeabi_l2d
 .text          0x080006b8      0x424 c:/gcc-arm-none-eabi-10.3-2021.10/bin/../lib/gcc/arm-none-eabi/10.3.1/thumb/v7e-m+fp/hard\libgcc.a(_arm_muldivdf3.o)
                0x080006b8                __aeabi_dmul
                0x080006b8                __muldf3
                0x0800090c                __divdf3
                0x0800090c                __aeabi_ddiv
 .text          0x08000adc       0xa0 c:/gcc-arm-none-eabi-10.3-2021.10/bin/../lib/gcc/arm-none-eabi/10.3.1/thumb/v7e-m+fp/hard\libgcc.a(_arm_truncdfsf2.o)
                0x08000adc                __truncdfsf2
                0x08000adc                __aeabi_d2f
 .text          0x08000b7c       0x30 c:/gcc-arm-none-eabi-10.3-2021.10/bin/../lib/gcc/arm-none-eabi/10.3.1/thumb/v7e-m+fp/hard\libgcc.a(_aeabi_uldivmod.o)
                0x08000b7c                __aeabi_uldivmod
 .text          0x08000bac      0x2d0 c:/gcc-arm-none-eabi-10.3-2021.10/bin/../lib/gcc/arm-none-eabi/10.3.1/thumb/v7e-m+fp/hard\libgcc.a(_udivmoddi4.o)
                0x08000bac                __udivmoddi4
 .text          0x08000e7c        0x4 c:/gcc-arm-none-eabi-10.3-2021.10/bin/../lib/gcc/arm-none-eabi/10.3.1/thumb/v7e-m+fp/hard\libgcc.a(_dvmd_tls.o)
                0x08000e7c                __aeabi_idiv0
                0x08000e7c                __aeabi_ldiv0
 .text          0x08000e80      0x134 c:/gcc-arm-none-eabi-10.3-2021.10/bin/../lib/gcc/arm-none-eabi/10.3.1/../../../../arm-none-eabi/lib/thumb/v7e-m+fp/hard\libg.a(lib_a-memcpy.o)
                0x08000e80                memcpy
 *fill*         0x08000fb4        0xc 
 .text          0x08000fc0       0xdc c:/gcc-arm-none-eabi-10.3-2021.10/bin/../lib/gcc/arm-none-eabi/10.3.1/../../../../arm-none-eabi/lib/thumb/v7e-m+fp/hard\libg.a(lib_a-strlen.o)
                0x08000fc0                strlen
 *fill*         0x0800109c        0x4 
 .text          0x080010a0       0xa0 c:/gcc-arm-none-eabi-10.3-2021.10/bin/../lib/gcc/arm-none-eabi/10.3.1/../../../../arm-none-eabi/lib/thumb/v7e-m+fp/hard\libg.a(lib_a-memchr.o)
                0x080010a0                memchr
 .text          0x08001140      0x110 c:/gcc-arm-none-eabi-10.3-2021.10/bin/../lib/gcc/arm-none-eabi/10.3.1/thumb/v7e-m+fp/hard\libgcc.a(_arm_cmpdf2.o)
                0x08001140                __gtdf2
                0x08001140                __gedf2
                0x08001148                __ltdf2
                0x08001148                __ledf2
                0x08001150                __nedf2
                0x08001150                __eqdf2
                0x08001150                __cmpdf2
                0x080011cc                __aeabi_cdrcmple
                0x080011dc                __aeabi_cdcmpeq
                0x080011dc                __aeabi_cdcmple
                0x080011ec                __aeabi_dcmpeq
                0x08001200                __aeabi_dcmplt
                0x08001214                __aeabi_dcmple
                0x08001228                __aeabi_dcmpge
                0x0800123c                __aeabi_dcmpgt
 .text          0x08001250       0x2c c:/gcc-arm-none-eabi-10.3-2021.10/bin/../lib/gcc/arm-none-eabi/10.3.1/thumb/v7e-m+fp/hard\libgcc.a(_arm_unorddf2.o)
                0x08001250                __unorddf2
                0x08001250                __aeabi_dcmpun
 .text          0x0800127c       0x40 c:/gcc-arm-none-eabi-10.3-2021.10/bin/../lib/gcc/arm-none-eabi/10.3.1/thumb/v7e-m+fp/hard\libgcc.a(_arm_fixunsdfsi.o)
                0x0800127c                __aeabi_d2uiz
                0x0800127c                __fixunsdfsi
 .text          0x080012bc       0x30 c:/gcc-arm-none-eabi-10.3-2021.10/bin/../lib/gcc/arm-none-eabi/10.3.1/thumb/v7e-m+fp/hard\libgcc.a(_fixdfdi.o)
                0x080012bc                __fixdfdi
                0x080012bc                __aeabi_d2lz
 .text          0x080012ec       0x3c c:/gcc-arm-none-eabi-10.3-2021.10/bin/../lib/gcc/arm-none-eabi/10.3.1/thumb/v7e-m+fp/hard\libgcc.a(_fixunsdfdi.o)
                0x080012ec                __fixunsdfdi
                0x080012ec                __aeabi_d2ulz
 *(.text*)
 .text.state_vector_update
                0x08001328       0x90 CMakeFiles/Balanced_Infantry.elf.dir/App/Controller.c.obj
                0x08001328                state_vector_update
 .text.get_K    0x080013b8       0x36 CMakeFiles/Balanced_Infantry.elf.dir/App/Controller.c.obj
                0x080013b8                get_K
 *fill*         0x080013ee        0x2 
 .text.leg_para_init
                0x080013f0       0x1c CMakeFiles/Balanced_Infantry.elf.dir/App/Controller.c.obj
                0x080013f0                leg_para_init
 .text.vmc_para_update
                0x0800140c       0x88 CMakeFiles/Balanced_Infantry.elf.dir/App/Controller.c.obj
                0x0800140c                vmc_para_update
 .text.vmc_calc
                0x08001494      0x440 CMakeFiles/Balanced_Infantry.elf.dir/App/Controller.c.obj
                0x08001494                vmc_calc
 .text.leg_length_control
                0x080018d4       0x70 CMakeFiles/Balanced_Infantry.elf.dir/App/Controller.c.obj
                0x080018d4                leg_length_control
 .text.leg_length_control_standup
                0x08001944       0x44 CMakeFiles/Balanced_Infantry.elf.dir/App/Controller.c.obj
                0x08001944                leg_length_control_standup
 .text.leg_theta_pos_control
                0x08001988       0xa8 CMakeFiles/Balanced_Infantry.elf.dir/App/Controller.c.obj
                0x08001988                leg_theta_pos_control
 .text.leg_theta_vel_control
                0x08001a30       0x4c CMakeFiles/Balanced_Infantry.elf.dir/App/Controller.c.obj
                0x08001a30                leg_theta_vel_control
 .text.convert_torque
                0x08001a7c       0x3a CMakeFiles/Balanced_Infantry.elf.dir/App/Controller.c.obj
                0x08001a7c                convert_torque
 *fill*         0x08001ab6        0x2 
 .text.support_force_calc
                0x08001ab8       0xf4 CMakeFiles/Balanced_Infantry.elf.dir/App/Controller.c.obj
                0x08001ab8                support_force_calc
 .text.power_control
                0x08001bac      0x1cc CMakeFiles/Balanced_Infantry.elf.dir/App/Controller.c.obj
                0x08001bac                power_control
 .text.ground_detection
                0x08001d78       0x1a CMakeFiles/Balanced_Infantry.elf.dir/App/Controller.c.obj
                0x08001d78                ground_detection
 *fill*         0x08001d92        0x2 
 .text.lqr_calc
                0x08001d94      0x134 CMakeFiles/Balanced_Infantry.elf.dir/App/Controller.c.obj
                0x08001d94                lqr_calc
 .text.limit    0x08001ec8       0x30 CMakeFiles/Balanced_Infantry.elf.dir/App/Controller.c.obj
                0x08001ec8                limit
 .text.lqr_para_update
                0x08001ef8       0x4c CMakeFiles/Balanced_Infantry.elf.dir/App/Controller.c.obj
                0x08001ef8                lqr_para_update
 .text.first_order_filter_init
                0x08001f44       0x10 CMakeFiles/Balanced_Infantry.elf.dir/App/Controller.c.obj
                0x08001f44                first_order_filter_init
 .text.controller_init
                0x08001f54      0x190 CMakeFiles/Balanced_Infantry.elf.dir/App/Controller.c.obj
                0x08001f54                controller_init
 .text.first_order_filter_cali
                0x080020e4       0x2e CMakeFiles/Balanced_Infantry.elf.dir/App/Controller.c.obj
                0x080020e4                first_order_filter_cali
 *fill*         0x08002112        0x2 
 .text.INS_Init
                0x08002114       0x64 CMakeFiles/Balanced_Infantry.elf.dir/App/imu_temp_ctrl.c.obj
                0x08002114                INS_Init
 .text.IMU_Temperature_Ctrl
                0x08002178       0x54 CMakeFiles/Balanced_Infantry.elf.dir/App/imu_temp_ctrl.c.obj
                0x08002178                IMU_Temperature_Ctrl
 .text.INS_Task
                0x080021cc      0x1d4 CMakeFiles/Balanced_Infantry.elf.dir/App/imu_temp_ctrl.c.obj
                0x080021cc                INS_Task
 .text.xvEstimateKF_Init
                0x080023a0       0x74 CMakeFiles/Balanced_Infantry.elf.dir/App/observer.c.obj
                0x080023a0                xvEstimateKF_Init
 .text.Bodyframe_to_Worldframe
                0x08002414       0xe2 CMakeFiles/Balanced_Infantry.elf.dir/App/observer.c.obj
                0x08002414                Bodyframe_to_Worldframe
 *fill*         0x080024f6        0x2 
 .text.xvEstimateKF_Update
                0x080024f8       0x38 CMakeFiles/Balanced_Infantry.elf.dir/App/observer.c.obj
                0x080024f8                xvEstimateKF_Update
 .text.vel_observe
                0x08002530       0xec CMakeFiles/Balanced_Infantry.elf.dir/App/observer.c.obj
                0x08002530                vel_observe
 .text.can_filter_init
                0x0800261c       0xb8 CMakeFiles/Balanced_Infantry.elf.dir/BSP/bsp_can.c.obj
                0x0800261c                can_filter_init
 .text.can_bsp_init
                0x080026d4       0x4c CMakeFiles/Balanced_Infantry.elf.dir/BSP/bsp_can.c.obj
                0x080026d4                can_bsp_init
 .text.fdcanx_send_data
                0x08002720       0x2a CMakeFiles/Balanced_Infantry.elf.dir/BSP/bsp_can.c.obj
                0x08002720                fdcanx_send_data
 *fill*         0x0800274a        0x2 
 .text.yaw_all_calc
                0x0800274c       0x5c CMakeFiles/Balanced_Infantry.elf.dir/BSP/bsp_can.c.obj
                0x0800274c                yaw_all_calc
 .text.fdcanx_receive
                0x080027a8      0x648 CMakeFiles/Balanced_Infantry.elf.dir/BSP/bsp_can.c.obj
                0x080027a8                fdcanx_receive
 .text.fdcan1_rx_callback
                0x08002df0       0x14 CMakeFiles/Balanced_Infantry.elf.dir/BSP/bsp_can.c.obj
                0x08002df0                fdcan1_rx_callback
 .text.fdcan2_rx_callback
                0x08002e04       0x14 CMakeFiles/Balanced_Infantry.elf.dir/BSP/bsp_can.c.obj
                0x08002e04                fdcan2_rx_callback
 .text.fdcan3_rx_callback
                0x08002e18       0x14 CMakeFiles/Balanced_Infantry.elf.dir/BSP/bsp_can.c.obj
                0x08002e18                fdcan3_rx_callback
 .text.HAL_FDCAN_RxFifo0Callback
                0x08002e2c       0x40 CMakeFiles/Balanced_Infantry.elf.dir/BSP/bsp_can.c.obj
                0x08002e2c                HAL_FDCAN_RxFifo0Callback
 .text.set_torque
                0x08002e6c       0x18 CMakeFiles/Balanced_Infantry.elf.dir/BSP/bsp_motor.c.obj
                0x08002e6c                set_torque
 .text.convert  0x08002e84       0x2c CMakeFiles/Balanced_Infantry.elf.dir/BSP/bsp_motor.c.obj
                0x08002e84                convert
 .text.can_LKmotor_data_decode
                0x08002eb0       0x88 CMakeFiles/Balanced_Infantry.elf.dir/BSP/bsp_motor.c.obj
                0x08002eb0                can_LKmotor_data_decode
 .text.muti_turns_pos_calc
                0x08002f38       0x6c CMakeFiles/Balanced_Infantry.elf.dir/BSP/bsp_motor.c.obj
                0x08002f38                muti_turns_pos_calc
 .text.NormalizeAngle
                0x08002fa4       0x38 CMakeFiles/Balanced_Infantry.elf.dir/BSP/bsp_motor.c.obj
                0x08002fa4                NormalizeAngle
 .text.Cap_Data_Receive
                0x08002fdc       0x60 CMakeFiles/Balanced_Infantry.elf.dir/BSP/bsp_super_cap.c.obj
                0x08002fdc                Cap_Data_Receive
 .text.uart_receive_dma_no_it
                0x0800303c       0x48 CMakeFiles/Balanced_Infantry.elf.dir/BSP/bsp_usart.c.obj
 .text.usart5_callback_handler
                0x08003084       0x18 CMakeFiles/Balanced_Infantry.elf.dir/BSP/bsp_usart.c.obj
                0x08003084                usart5_callback_handler
 .text.dma_current_data_counter
                0x0800309c        0x6 CMakeFiles/Balanced_Infantry.elf.dir/BSP/bsp_usart.c.obj
                0x0800309c                dma_current_data_counter
 *fill*         0x080030a2        0x2 
 .text.uart_rx_idle_callback
                0x080030a4       0xac CMakeFiles/Balanced_Infantry.elf.dir/BSP/bsp_usart.c.obj
 .text.uart_receive_handler
                0x08003150      0x124 CMakeFiles/Balanced_Infantry.elf.dir/BSP/bsp_usart.c.obj
                0x08003150                uart_receive_handler
 .text.uart_receive_init
                0x08003274       0x2c CMakeFiles/Balanced_Infantry.elf.dir/BSP/bsp_usart.c.obj
                0x08003274                uart_receive_init
 .text.usart_init
                0x080032a0       0x68 CMakeFiles/Balanced_Infantry.elf.dir/BSP/bsp_usart.c.obj
                0x080032a0                usart_init
 .text.usart1_data_process
                0x08003308       0x28 CMakeFiles/Balanced_Infantry.elf.dir/BSP/bsp_usart.c.obj
                0x08003308                usart1_data_process
 .text.uart7_data_process
                0x08003330       0x88 CMakeFiles/Balanced_Infantry.elf.dir/BSP/bsp_usart.c.obj
                0x08003330                uart7_data_process
 .text.MX_ADC1_Init
                0x080033b8       0xc4 CMakeFiles/Balanced_Infantry.elf.dir/Core/Src/adc.c.obj
                0x080033b8                MX_ADC1_Init
 .text.MX_ADC3_Init
                0x0800347c       0x90 CMakeFiles/Balanced_Infantry.elf.dir/Core/Src/adc.c.obj
                0x0800347c                MX_ADC3_Init
 .text.HAL_ADC_MspInit
                0x0800350c      0x108 CMakeFiles/Balanced_Infantry.elf.dir/Core/Src/adc.c.obj
                0x0800350c                HAL_ADC_MspInit
 .text.MX_DMA_Init
                0x08003614       0xf0 CMakeFiles/Balanced_Infantry.elf.dir/Core/Src/dma.c.obj
                0x08003614                MX_DMA_Init
 .text.MX_FDCAN1_Init
                0x08003704       0x60 CMakeFiles/Balanced_Infantry.elf.dir/Core/Src/fdcan.c.obj
                0x08003704                MX_FDCAN1_Init
 .text.MX_FDCAN2_Init
                0x08003764       0x64 CMakeFiles/Balanced_Infantry.elf.dir/Core/Src/fdcan.c.obj
                0x08003764                MX_FDCAN2_Init
 .text.MX_FDCAN3_Init
                0x080037c8       0x64 CMakeFiles/Balanced_Infantry.elf.dir/Core/Src/fdcan.c.obj
                0x080037c8                MX_FDCAN3_Init
 .text.HAL_FDCAN_MspInit
                0x0800382c      0x250 CMakeFiles/Balanced_Infantry.elf.dir/Core/Src/fdcan.c.obj
                0x0800382c                HAL_FDCAN_MspInit
 .text.StartDefaultTask
                0x08003a7c       0x12 CMakeFiles/Balanced_Infantry.elf.dir/Core/Src/freertos.c.obj
                0x08003a7c                StartDefaultTask
 .text.ImuTask_Entry
                0x08003a8e       0x12 CMakeFiles/Balanced_Infantry.elf.dir/Core/Src/freertos.c.obj
                0x08003a8e                ImuTask_Entry
 .text.vApplicationGetIdleTaskMemory
                0x08003aa0       0x18 CMakeFiles/Balanced_Infantry.elf.dir/Core/Src/freertos.c.obj
                0x08003aa0                vApplicationGetIdleTaskMemory
 .text.vApplicationGetTimerTaskMemory
                0x08003ab8       0x18 CMakeFiles/Balanced_Infantry.elf.dir/Core/Src/freertos.c.obj
                0x08003ab8                vApplicationGetTimerTaskMemory
 .text.MX_FREERTOS_Init
                0x08003ad0      0x170 CMakeFiles/Balanced_Infantry.elf.dir/Core/Src/freertos.c.obj
                0x08003ad0                MX_FREERTOS_Init
 .text.MX_GPIO_Init
                0x08003c40      0x1d4 CMakeFiles/Balanced_Infantry.elf.dir/Core/Src/gpio.c.obj
                0x08003c40                MX_GPIO_Init
 .text.MPU_Config
                0x08003e14       0x56 CMakeFiles/Balanced_Infantry.elf.dir/Core/Src/main.c.obj
 *fill*         0x08003e6a        0x2 
 .text.HAL_TIM_PeriodElapsedCallback
                0x08003e6c       0x18 CMakeFiles/Balanced_Infantry.elf.dir/Core/Src/main.c.obj
                0x08003e6c                HAL_TIM_PeriodElapsedCallback
 .text.Error_Handler
                0x08003e84        0x4 CMakeFiles/Balanced_Infantry.elf.dir/Core/Src/main.c.obj
                0x08003e84                Error_Handler
 .text.SystemClock_Config
                0x08003e88       0xc0 CMakeFiles/Balanced_Infantry.elf.dir/Core/Src/main.c.obj
                0x08003e88                SystemClock_Config
 .text.PeriphCommonClock_Config
                0x08003f48       0x3c CMakeFiles/Balanced_Infantry.elf.dir/Core/Src/main.c.obj
                0x08003f48                PeriphCommonClock_Config
 .text.main     0x08003f84      0x1b4 CMakeFiles/Balanced_Infantry.elf.dir/Core/Src/main.c.obj
                0x08003f84                main
 .text.MX_SPI1_Init
                0x08004138       0x60 CMakeFiles/Balanced_Infantry.elf.dir/Core/Src/spi.c.obj
                0x08004138                MX_SPI1_Init
 .text.MX_SPI2_Init
                0x08004198       0x60 CMakeFiles/Balanced_Infantry.elf.dir/Core/Src/spi.c.obj
                0x08004198                MX_SPI2_Init
 .text.HAL_SPI_MspInit
                0x080041f8      0x1c8 CMakeFiles/Balanced_Infantry.elf.dir/Core/Src/spi.c.obj
                0x080041f8                HAL_SPI_MspInit
 .text.HAL_MspInit
                0x080043c0       0x34 CMakeFiles/Balanced_Infantry.elf.dir/Core/Src/stm32h7xx_hal_msp.c.obj
                0x080043c0                HAL_MspInit
 .text.HAL_InitTick
                0x080043f4       0x90 CMakeFiles/Balanced_Infantry.elf.dir/Core/Src/stm32h7xx_hal_timebase_tim.c.obj
                0x080043f4                HAL_InitTick
 .text.NMI_Handler
                0x08004484        0x2 CMakeFiles/Balanced_Infantry.elf.dir/Core/Src/stm32h7xx_it.c.obj
                0x08004484                NMI_Handler
 .text.HardFault_Handler
                0x08004486        0x2 CMakeFiles/Balanced_Infantry.elf.dir/Core/Src/stm32h7xx_it.c.obj
                0x08004486                HardFault_Handler
 .text.MemManage_Handler
                0x08004488        0x2 CMakeFiles/Balanced_Infantry.elf.dir/Core/Src/stm32h7xx_it.c.obj
                0x08004488                MemManage_Handler
 .text.BusFault_Handler
                0x0800448a        0x2 CMakeFiles/Balanced_Infantry.elf.dir/Core/Src/stm32h7xx_it.c.obj
                0x0800448a                BusFault_Handler
 .text.UsageFault_Handler
                0x0800448c        0x2 CMakeFiles/Balanced_Infantry.elf.dir/Core/Src/stm32h7xx_it.c.obj
                0x0800448c                UsageFault_Handler
 .text.DebugMon_Handler
                0x0800448e        0x2 CMakeFiles/Balanced_Infantry.elf.dir/Core/Src/stm32h7xx_it.c.obj
                0x0800448e                DebugMon_Handler
 .text.DMA1_Stream0_IRQHandler
                0x08004490       0x10 CMakeFiles/Balanced_Infantry.elf.dir/Core/Src/stm32h7xx_it.c.obj
                0x08004490                DMA1_Stream0_IRQHandler
 .text.DMA1_Stream1_IRQHandler
                0x080044a0       0x10 CMakeFiles/Balanced_Infantry.elf.dir/Core/Src/stm32h7xx_it.c.obj
                0x080044a0                DMA1_Stream1_IRQHandler
 .text.DMA1_Stream2_IRQHandler
                0x080044b0       0x10 CMakeFiles/Balanced_Infantry.elf.dir/Core/Src/stm32h7xx_it.c.obj
                0x080044b0                DMA1_Stream2_IRQHandler
 .text.DMA1_Stream3_IRQHandler
                0x080044c0       0x10 CMakeFiles/Balanced_Infantry.elf.dir/Core/Src/stm32h7xx_it.c.obj
                0x080044c0                DMA1_Stream3_IRQHandler
 .text.DMA1_Stream4_IRQHandler
                0x080044d0       0x10 CMakeFiles/Balanced_Infantry.elf.dir/Core/Src/stm32h7xx_it.c.obj
                0x080044d0                DMA1_Stream4_IRQHandler
 .text.DMA1_Stream5_IRQHandler
                0x080044e0       0x10 CMakeFiles/Balanced_Infantry.elf.dir/Core/Src/stm32h7xx_it.c.obj
                0x080044e0                DMA1_Stream5_IRQHandler
 .text.DMA1_Stream6_IRQHandler
                0x080044f0       0x10 CMakeFiles/Balanced_Infantry.elf.dir/Core/Src/stm32h7xx_it.c.obj
                0x080044f0                DMA1_Stream6_IRQHandler
 .text.FDCAN1_IT0_IRQHandler
                0x08004500       0x10 CMakeFiles/Balanced_Infantry.elf.dir/Core/Src/stm32h7xx_it.c.obj
                0x08004500                FDCAN1_IT0_IRQHandler
 .text.FDCAN2_IT0_IRQHandler
                0x08004510       0x10 CMakeFiles/Balanced_Infantry.elf.dir/Core/Src/stm32h7xx_it.c.obj
                0x08004510                FDCAN2_IT0_IRQHandler
 .text.FDCAN1_IT1_IRQHandler
                0x08004520       0x10 CMakeFiles/Balanced_Infantry.elf.dir/Core/Src/stm32h7xx_it.c.obj
                0x08004520                FDCAN1_IT1_IRQHandler
 .text.FDCAN2_IT1_IRQHandler
                0x08004530       0x10 CMakeFiles/Balanced_Infantry.elf.dir/Core/Src/stm32h7xx_it.c.obj
                0x08004530                FDCAN2_IT1_IRQHandler
 .text.SPI1_IRQHandler
                0x08004540       0x10 CMakeFiles/Balanced_Infantry.elf.dir/Core/Src/stm32h7xx_it.c.obj
                0x08004540                SPI1_IRQHandler
 .text.USART1_IRQHandler
                0x08004550       0xc8 CMakeFiles/Balanced_Infantry.elf.dir/Core/Src/stm32h7xx_it.c.obj
                0x08004550                USART1_IRQHandler
 .text.USART2_IRQHandler
                0x08004618       0x10 CMakeFiles/Balanced_Infantry.elf.dir/Core/Src/stm32h7xx_it.c.obj
                0x08004618                USART2_IRQHandler
 .text.USART3_IRQHandler
                0x08004628       0x10 CMakeFiles/Balanced_Infantry.elf.dir/Core/Src/stm32h7xx_it.c.obj
                0x08004628                USART3_IRQHandler
 .text.DMA1_Stream7_IRQHandler
                0x08004638       0x10 CMakeFiles/Balanced_Infantry.elf.dir/Core/Src/stm32h7xx_it.c.obj
                0x08004638                DMA1_Stream7_IRQHandler
 .text.UART5_IRQHandler
                0x08004648       0x18 CMakeFiles/Balanced_Infantry.elf.dir/Core/Src/stm32h7xx_it.c.obj
                0x08004648                UART5_IRQHandler
 .text.DMA2_Stream0_IRQHandler
                0x08004660       0x10 CMakeFiles/Balanced_Infantry.elf.dir/Core/Src/stm32h7xx_it.c.obj
                0x08004660                DMA2_Stream0_IRQHandler
 .text.DMA2_Stream1_IRQHandler
                0x08004670       0x10 CMakeFiles/Balanced_Infantry.elf.dir/Core/Src/stm32h7xx_it.c.obj
                0x08004670                DMA2_Stream1_IRQHandler
 .text.DMA2_Stream2_IRQHandler
                0x08004680       0x10 CMakeFiles/Balanced_Infantry.elf.dir/Core/Src/stm32h7xx_it.c.obj
                0x08004680                DMA2_Stream2_IRQHandler
 .text.FDCAN_CAL_IRQHandler
                0x08004690       0x18 CMakeFiles/Balanced_Infantry.elf.dir/Core/Src/stm32h7xx_it.c.obj
                0x08004690                FDCAN_CAL_IRQHandler
 .text.OTG_HS_IRQHandler
                0x080046a8       0x10 CMakeFiles/Balanced_Infantry.elf.dir/Core/Src/stm32h7xx_it.c.obj
                0x080046a8                OTG_HS_IRQHandler
 .text.UART7_IRQHandler
                0x080046b8       0xd8 CMakeFiles/Balanced_Infantry.elf.dir/Core/Src/stm32h7xx_it.c.obj
                0x080046b8                UART7_IRQHandler
 .text.USART10_IRQHandler
                0x08004790       0xbc CMakeFiles/Balanced_Infantry.elf.dir/Core/Src/stm32h7xx_it.c.obj
                0x08004790                USART10_IRQHandler
 .text.FDCAN3_IT0_IRQHandler
                0x0800484c       0x10 CMakeFiles/Balanced_Infantry.elf.dir/Core/Src/stm32h7xx_it.c.obj
                0x0800484c                FDCAN3_IT0_IRQHandler
 .text.FDCAN3_IT1_IRQHandler
                0x0800485c       0x10 CMakeFiles/Balanced_Infantry.elf.dir/Core/Src/stm32h7xx_it.c.obj
                0x0800485c                FDCAN3_IT1_IRQHandler
 .text.TIM23_IRQHandler
                0x0800486c       0x10 CMakeFiles/Balanced_Infantry.elf.dir/Core/Src/stm32h7xx_it.c.obj
                0x0800486c                TIM23_IRQHandler
 .text._getpid  0x0800487c        0x4 CMakeFiles/Balanced_Infantry.elf.dir/Core/Src/syscalls.c.obj
                0x0800487c                _getpid
 .text._kill    0x08004880       0x10 CMakeFiles/Balanced_Infantry.elf.dir/Core/Src/syscalls.c.obj
                0x08004880                _kill
 .text._exit    0x08004890        0xc CMakeFiles/Balanced_Infantry.elf.dir/Core/Src/syscalls.c.obj
                0x08004890                _exit
 .text._read    0x0800489c       0x20 CMakeFiles/Balanced_Infantry.elf.dir/Core/Src/syscalls.c.obj
                0x0800489c                _read
 .text._write   0x080048bc       0x1c CMakeFiles/Balanced_Infantry.elf.dir/Core/Src/syscalls.c.obj
                0x080048bc                _write
 .text._close   0x080048d8        0x6 CMakeFiles/Balanced_Infantry.elf.dir/Core/Src/syscalls.c.obj
                0x080048d8                _close
 .text._fstat   0x080048de        0xa CMakeFiles/Balanced_Infantry.elf.dir/Core/Src/syscalls.c.obj
                0x080048de                _fstat
 .text._isatty  0x080048e8        0x4 CMakeFiles/Balanced_Infantry.elf.dir/Core/Src/syscalls.c.obj
                0x080048e8                _isatty
 .text._lseek   0x080048ec        0x4 CMakeFiles/Balanced_Infantry.elf.dir/Core/Src/syscalls.c.obj
                0x080048ec                _lseek
 .text._sbrk    0x080048f0       0x48 CMakeFiles/Balanced_Infantry.elf.dir/Core/Src/sysmem.c.obj
                0x080048f0                _sbrk
 .text.SystemInit
                0x08004938       0xac CMakeFiles/Balanced_Infantry.elf.dir/Core/Src/system_stm32h7xx.c.obj
                0x08004938                SystemInit
 .text.MX_TIM1_Init
                0x080049e4       0x78 CMakeFiles/Balanced_Infantry.elf.dir/Core/Src/tim.c.obj
                0x080049e4                MX_TIM1_Init
 .text.MX_TIM6_Init
                0x08004a5c       0x54 CMakeFiles/Balanced_Infantry.elf.dir/Core/Src/tim.c.obj
                0x08004a5c                MX_TIM6_Init
 .text.HAL_TIM_Base_MspInit
                0x08004ab0       0xd0 CMakeFiles/Balanced_Infantry.elf.dir/Core/Src/tim.c.obj
                0x08004ab0                HAL_TIM_Base_MspInit
 .text.HAL_TIM_PWM_MspInit
                0x08004b80       0x54 CMakeFiles/Balanced_Infantry.elf.dir/Core/Src/tim.c.obj
                0x08004b80                HAL_TIM_PWM_MspInit
 .text.HAL_TIM_MspPostInit
                0x08004bd4       0xcc CMakeFiles/Balanced_Infantry.elf.dir/Core/Src/tim.c.obj
                0x08004bd4                HAL_TIM_MspPostInit
 .text.MX_TIM2_Init
                0x08004ca0       0x98 CMakeFiles/Balanced_Infantry.elf.dir/Core/Src/tim.c.obj
                0x08004ca0                MX_TIM2_Init
 .text.MX_TIM3_Init
                0x08004d38       0x88 CMakeFiles/Balanced_Infantry.elf.dir/Core/Src/tim.c.obj
                0x08004d38                MX_TIM3_Init
 .text.MX_TIM12_Init
                0x08004dc0       0xb0 CMakeFiles/Balanced_Infantry.elf.dir/Core/Src/tim.c.obj
                0x08004dc0                MX_TIM12_Init
 .text.MX_UART5_Init
                0x08004e70       0x78 CMakeFiles/Balanced_Infantry.elf.dir/Core/Src/usart.c.obj
                0x08004e70                MX_UART5_Init
 .text.MX_UART7_Init
                0x08004ee8       0x68 CMakeFiles/Balanced_Infantry.elf.dir/Core/Src/usart.c.obj
                0x08004ee8                MX_UART7_Init
 .text.MX_USART1_UART_Init
                0x08004f50       0x68 CMakeFiles/Balanced_Infantry.elf.dir/Core/Src/usart.c.obj
                0x08004f50                MX_USART1_UART_Init
 .text.MX_USART2_UART_Init
                0x08004fb8       0x6c CMakeFiles/Balanced_Infantry.elf.dir/Core/Src/usart.c.obj
                0x08004fb8                MX_USART2_UART_Init
 .text.MX_USART3_UART_Init
                0x08005024       0x6c CMakeFiles/Balanced_Infantry.elf.dir/Core/Src/usart.c.obj
                0x08005024                MX_USART3_UART_Init
 .text.MX_USART10_UART_Init
                0x08005090       0x68 CMakeFiles/Balanced_Infantry.elf.dir/Core/Src/usart.c.obj
                0x08005090                MX_USART10_UART_Init
 .text.HAL_UART_MspInit
                0x080050f8      0x5e0 CMakeFiles/Balanced_Infantry.elf.dir/Core/Src/usart.c.obj
                0x080050f8                HAL_UART_MspInit
 .text.Reset_Handler
                0x080056d8       0x50 CMakeFiles/Balanced_Infantry.elf.dir/Core/Startup/startup_stm32h723vgtx.s.obj
                0x080056d8                Reset_Handler
 .text.Default_Handler
                0x08005728        0x2 CMakeFiles/Balanced_Infantry.elf.dir/Core/Startup/startup_stm32h723vgtx.s.obj
                0x08005728                RTC_Alarm_IRQHandler
                0x08005728                EXTI2_IRQHandler
                0x08005728                TIM8_CC_IRQHandler
                0x08005728                UART8_IRQHandler
                0x08005728                SPI4_IRQHandler
                0x08005728                TIM1_CC_IRQHandler
                0x08005728                BDMA_Channel6_IRQHandler
                0x08005728                DMA2_Stream5_IRQHandler
                0x08005728                CORDIC_IRQHandler
                0x08005728                BDMA_Channel1_IRQHandler
                0x08005728                TAMP_STAMP_IRQHandler
                0x08005728                EXTI3_IRQHandler
                0x08005728                LPTIM4_IRQHandler
                0x08005728                TIM8_TRG_COM_TIM14_IRQHandler
                0x08005728                LPTIM2_IRQHandler
                0x08005728                DFSDM1_FLT1_IRQHandler
                0x08005728                DMAMUX2_OVR_IRQHandler
                0x08005728                TIM8_UP_TIM13_IRQHandler
                0x08005728                I2C3_ER_IRQHandler
                0x08005728                DFSDM1_FLT2_IRQHandler
                0x08005728                I2C5_EV_IRQHandler
                0x08005728                MDMA_IRQHandler
                0x08005728                LPTIM3_IRQHandler
                0x08005728                HSEM1_IRQHandler
                0x08005728                EXTI0_IRQHandler
                0x08005728                I2C2_EV_IRQHandler
                0x08005728                FPU_IRQHandler
                0x08005728                OTG_HS_WKUP_IRQHandler
                0x08005728                LTDC_ER_IRQHandler
                0x08005728                OCTOSPI1_IRQHandler
                0x08005728                DMA2_Stream3_IRQHandler
                0x08005728                OCTOSPI2_IRQHandler
                0x08005728                DFSDM1_FLT3_IRQHandler
                0x08005728                USART6_IRQHandler
                0x08005728                TIM17_IRQHandler
                0x08005728                BDMA_Channel7_IRQHandler
                0x08005728                LPTIM5_IRQHandler
                0x08005728                ADC3_IRQHandler
                0x08005728                TIM4_IRQHandler
                0x08005728                BDMA_Channel2_IRQHandler
                0x08005728                I2C1_EV_IRQHandler
                0x08005728                DMAMUX1_OVR_IRQHandler
                0x08005728                TIM16_IRQHandler
                0x08005728                UART4_IRQHandler
                0x08005728                BDMA_Channel5_IRQHandler
                0x08005728                TIM3_IRQHandler
                0x08005728                RCC_IRQHandler
                0x08005728                UART9_IRQHandler
                0x08005728                TIM8_BRK_TIM12_IRQHandler
                0x08005728                TIM1_TRG_COM_IRQHandler
                0x08005728                Default_Handler
                0x08005728                ECC_IRQHandler
                0x08005728                FMAC_IRQHandler
                0x08005728                CEC_IRQHandler
                0x08005728                EXTI15_10_IRQHandler
                0x08005728                BDMA_Channel0_IRQHandler
                0x08005728                ADC_IRQHandler
                0x08005728                I2C5_ER_IRQHandler
                0x08005728                SPI5_IRQHandler
                0x08005728                TIM7_IRQHandler
                0x08005728                SDMMC1_IRQHandler
                0x08005728                TIM5_IRQHandler
                0x08005728                DMA2_Stream7_IRQHandler
                0x08005728                TIM15_IRQHandler
                0x08005728                PVD_AVD_IRQHandler
                0x08005728                I2C3_EV_IRQHandler
                0x08005728                EXTI9_5_IRQHandler
                0x08005728                RTC_WKUP_IRQHandler
                0x08005728                LTDC_IRQHandler
                0x08005728                ETH_WKUP_IRQHandler
                0x08005728                SPDIF_RX_IRQHandler
                0x08005728                SPI2_IRQHandler
                0x08005728                OTG_HS_EP1_IN_IRQHandler
                0x08005728                TIM24_IRQHandler
                0x08005728                CRS_IRQHandler
                0x08005728                EXTI4_IRQHandler
                0x08005728                RNG_IRQHandler
                0x08005728                ETH_IRQHandler
                0x08005728                TIM1_UP_IRQHandler
                0x08005728                BDMA_Channel4_IRQHandler
                0x08005728                OTG_HS_EP1_OUT_IRQHandler
                0x08005728                WWDG_IRQHandler
                0x08005728                SPI6_IRQHandler
                0x08005728                MDIOS_IRQHandler
                0x08005728                I2C4_EV_IRQHandler
                0x08005728                LPUART1_IRQHandler
                0x08005728                TIM2_IRQHandler
                0x08005728                DMA2D_IRQHandler
                0x08005728                TIM1_BRK_IRQHandler
                0x08005728                EXTI1_IRQHandler
                0x08005728                SDMMC2_IRQHandler
                0x08005728                BDMA_Channel3_IRQHandler
                0x08005728                DTS_IRQHandler
                0x08005728                MDIOS_WKUP_IRQHandler
                0x08005728                DFSDM1_FLT0_IRQHandler
                0x08005728                SAI4_IRQHandler
                0x08005728                I2C2_ER_IRQHandler
                0x08005728                FLASH_IRQHandler
                0x08005728                DMA2_Stream4_IRQHandler
                0x08005728                SPI3_IRQHandler
                0x08005728                WAKEUP_PIN_IRQHandler
                0x08005728                I2C1_ER_IRQHandler
                0x08005728                FMC_IRQHandler
                0x08005728                SWPMI1_IRQHandler
                0x08005728                COMP1_IRQHandler
                0x08005728                LPTIM1_IRQHandler
                0x08005728                DCMI_PSSI_IRQHandler
                0x08005728                I2C4_ER_IRQHandler
                0x08005728                DMA2_Stream6_IRQHandler
                0x08005728                SAI1_IRQHandler
 *fill*         0x0800572a        0x2 
 .text.IMU_QuaternionEKF_Observe
                0x0800572c       0x38 CMakeFiles/Balanced_Infantry.elf.dir/Device/Algorithm/QuaternionEKF.c.obj
 .text.IMU_QuaternionEKF_xhatUpdate
                0x08005764      0x454 CMakeFiles/Balanced_Infantry.elf.dir/Device/Algorithm/QuaternionEKF.c.obj
 .text.IMU_QuaternionEKF_SetH
                0x08005bb8       0xdc CMakeFiles/Balanced_Infantry.elf.dir/Device/Algorithm/QuaternionEKF.c.obj
 .text.invSqrt  0x08005c94       0x24 CMakeFiles/Balanced_Infantry.elf.dir/Device/Algorithm/QuaternionEKF.c.obj
 .text.IMU_QuaternionEKF_F_Linearization_P_Fading
                0x08005cb8      0x1b0 CMakeFiles/Balanced_Infantry.elf.dir/Device/Algorithm/QuaternionEKF.c.obj
 .text.IMU_QuaternionEKF_Init
                0x08005e68       0xe0 CMakeFiles/Balanced_Infantry.elf.dir/Device/Algorithm/QuaternionEKF.c.obj
                0x08005e68                IMU_QuaternionEKF_Init
 .text.IMU_QuaternionEKF_Update
                0x08005f48      0x438 CMakeFiles/Balanced_Infantry.elf.dir/Device/Algorithm/QuaternionEKF.c.obj
                0x08005f48                IMU_QuaternionEKF_Update
 .text.H_K_R_Adjustment
                0x08006380      0x118 CMakeFiles/Balanced_Infantry.elf.dir/Device/Algorithm/kalman_filter.c.obj
 .text.user_malloc
                0x08006498        0x8 CMakeFiles/Balanced_Infantry.elf.dir/Device/Algorithm/kalman_filter.c.obj
                0x08006498                user_malloc
 .text.Kalman_Filter_Init
                0x080064a0      0x4c4 CMakeFiles/Balanced_Infantry.elf.dir/Device/Algorithm/kalman_filter.c.obj
                0x080064a0                Kalman_Filter_Init
 .text.Kalman_Filter_Measure
                0x08006964       0x4c CMakeFiles/Balanced_Infantry.elf.dir/Device/Algorithm/kalman_filter.c.obj
                0x08006964                Kalman_Filter_Measure
 .text.Kalman_Filter_xhatMinusUpdate
                0x080069b0       0x76 CMakeFiles/Balanced_Infantry.elf.dir/Device/Algorithm/kalman_filter.c.obj
                0x080069b0                Kalman_Filter_xhatMinusUpdate
 .text.Kalman_Filter_PminusUpdate
                0x08006a26       0x68 CMakeFiles/Balanced_Infantry.elf.dir/Device/Algorithm/kalman_filter.c.obj
                0x08006a26                Kalman_Filter_PminusUpdate
 .text.Kalman_Filter_SetK
                0x08006a8e       0xcc CMakeFiles/Balanced_Infantry.elf.dir/Device/Algorithm/kalman_filter.c.obj
                0x08006a8e                Kalman_Filter_SetK
 .text.Kalman_Filter_xhatUpdate
                0x08006b5a       0x82 CMakeFiles/Balanced_Infantry.elf.dir/Device/Algorithm/kalman_filter.c.obj
                0x08006b5a                Kalman_Filter_xhatUpdate
 .text.Kalman_Filter_P_Update
                0x08006bdc       0x64 CMakeFiles/Balanced_Infantry.elf.dir/Device/Algorithm/kalman_filter.c.obj
                0x08006bdc                Kalman_Filter_P_Update
 .text.Kalman_Filter_Update
                0x08006c40       0xf8 CMakeFiles/Balanced_Infantry.elf.dir/Device/Algorithm/kalman_filter.c.obj
                0x08006c40                Kalman_Filter_Update
 .text.PID_init
                0x08006d38       0x3c CMakeFiles/Balanced_Infantry.elf.dir/Device/Algorithm/pid.c.obj
                0x08006d38                PID_init
 .text.PID_calc
                0x08006d74      0x158 CMakeFiles/Balanced_Infantry.elf.dir/Device/Algorithm/pid.c.obj
                0x08006d74                PID_calc
 .text.BMI088_delay_us
                0x08006ecc       0x3a CMakeFiles/Balanced_Infantry.elf.dir/Device/BMI088/BMI088Middleware.c.obj
                0x08006ecc                BMI088_delay_us
 .text.BMI088_delay_ms
                0x08006f06       0x18 CMakeFiles/Balanced_Infantry.elf.dir/Device/BMI088/BMI088Middleware.c.obj
                0x08006f06                BMI088_delay_ms
 *fill*         0x08006f1e        0x2 
 .text.BMI088_ACCEL_NS_L
                0x08006f20       0x14 CMakeFiles/Balanced_Infantry.elf.dir/Device/BMI088/BMI088Middleware.c.obj
                0x08006f20                BMI088_ACCEL_NS_L
 .text.BMI088_ACCEL_NS_H
                0x08006f34       0x14 CMakeFiles/Balanced_Infantry.elf.dir/Device/BMI088/BMI088Middleware.c.obj
                0x08006f34                BMI088_ACCEL_NS_H
 .text.BMI088_GYRO_NS_L
                0x08006f48       0x14 CMakeFiles/Balanced_Infantry.elf.dir/Device/BMI088/BMI088Middleware.c.obj
                0x08006f48                BMI088_GYRO_NS_L
 .text.BMI088_GYRO_NS_H
                0x08006f5c       0x14 CMakeFiles/Balanced_Infantry.elf.dir/Device/BMI088/BMI088Middleware.c.obj
                0x08006f5c                BMI088_GYRO_NS_H
 .text.BMI088_read_write_byte
                0x08006f70       0x2c CMakeFiles/Balanced_Infantry.elf.dir/Device/BMI088/BMI088Middleware.c.obj
                0x08006f70                BMI088_read_write_byte
 .text.BMI088_write_single_reg
                0x08006f9c       0x10 CMakeFiles/Balanced_Infantry.elf.dir/Device/BMI088/BMI088driver.c.obj
 .text.BMI088_read_single_reg
                0x08006fac       0x16 CMakeFiles/Balanced_Infantry.elf.dir/Device/BMI088/BMI088driver.c.obj
 .text.BMI088_read_muli_reg
                0x08006fc2       0x24 CMakeFiles/Balanced_Infantry.elf.dir/Device/BMI088/BMI088driver.c.obj
 *fill*         0x08006fe6        0x2 
 .text.bmi088_accel_init
                0x08006fe8      0x10c CMakeFiles/Balanced_Infantry.elf.dir/Device/BMI088/BMI088driver.c.obj
                0x08006fe8                bmi088_accel_init
 .text.bmi088_gyro_init
                0x080070f4       0xf0 CMakeFiles/Balanced_Infantry.elf.dir/Device/BMI088/BMI088driver.c.obj
                0x080070f4                bmi088_gyro_init
 .text.BMI088_init
                0x080071e4       0x12 CMakeFiles/Balanced_Infantry.elf.dir/Device/BMI088/BMI088driver.c.obj
                0x080071e4                BMI088_init
 *fill*         0x080071f6        0x2 
 .text.BMI088_read
                0x080071f8      0x17c CMakeFiles/Balanced_Infantry.elf.dir/Device/BMI088/BMI088driver.c.obj
                0x080071f8                BMI088_read
 .text.DWT_Init
                0x08007374       0x68 CMakeFiles/Balanced_Infantry.elf.dir/Device/BMI088/bsp_dwt.c.obj
                0x08007374                DWT_Init
 .text.HAL_Init
                0x080073dc       0x5c CMakeFiles/Balanced_Infantry.elf.dir/Drivers/STM32H7xx_HAL_Driver/Src/stm32h7xx_hal.c.obj
                0x080073dc                HAL_Init
 .text.HAL_IncTick
                0x08007438       0x18 CMakeFiles/Balanced_Infantry.elf.dir/Drivers/STM32H7xx_HAL_Driver/Src/stm32h7xx_hal.c.obj
                0x08007438                HAL_IncTick
 .text.HAL_GetTick
                0x08007450        0xc CMakeFiles/Balanced_Infantry.elf.dir/Drivers/STM32H7xx_HAL_Driver/Src/stm32h7xx_hal.c.obj
                0x08007450                HAL_GetTick
 .text.HAL_Delay
                0x0800745c       0x28 CMakeFiles/Balanced_Infantry.elf.dir/Drivers/STM32H7xx_HAL_Driver/Src/stm32h7xx_hal.c.obj
                0x0800745c                HAL_Delay
 .text.HAL_ADC_GetValue
                0x08007484        0x6 CMakeFiles/Balanced_Infantry.elf.dir/Drivers/STM32H7xx_HAL_Driver/Src/stm32h7xx_hal_adc.c.obj
                0x08007484                HAL_ADC_GetValue
 *fill*         0x0800748a        0x2 
 .text.HAL_ADC_ConfigChannel
                0x0800748c      0x6c8 CMakeFiles/Balanced_Infantry.elf.dir/Drivers/STM32H7xx_HAL_Driver/Src/stm32h7xx_hal_adc.c.obj
                0x0800748c                HAL_ADC_ConfigChannel
 .text.ADC_Enable
                0x08007b54       0xd4 CMakeFiles/Balanced_Infantry.elf.dir/Drivers/STM32H7xx_HAL_Driver/Src/stm32h7xx_hal_adc.c.obj
                0x08007b54                ADC_Enable
 .text.HAL_ADC_Start
                0x08007c28      0x110 CMakeFiles/Balanced_Infantry.elf.dir/Drivers/STM32H7xx_HAL_Driver/Src/stm32h7xx_hal_adc.c.obj
                0x08007c28                HAL_ADC_Start
 .text.ADC_ConfigureBoostMode
                0x08007d38      0x134 CMakeFiles/Balanced_Infantry.elf.dir/Drivers/STM32H7xx_HAL_Driver/Src/stm32h7xx_hal_adc.c.obj
                0x08007d38                ADC_ConfigureBoostMode
 .text.HAL_ADC_Init
                0x08007e6c      0x2e0 CMakeFiles/Balanced_Infantry.elf.dir/Drivers/STM32H7xx_HAL_Driver/Src/stm32h7xx_hal_adc.c.obj
                0x08007e6c                HAL_ADC_Init
 .text.HAL_ADCEx_MultiModeConfigChannel
                0x0800814c      0x164 CMakeFiles/Balanced_Infantry.elf.dir/Drivers/STM32H7xx_HAL_Driver/Src/stm32h7xx_hal_adc_ex.c.obj
                0x0800814c                HAL_ADCEx_MultiModeConfigChannel
 .text.HAL_NVIC_SetPriorityGrouping
                0x080082b0       0x24 CMakeFiles/Balanced_Infantry.elf.dir/Drivers/STM32H7xx_HAL_Driver/Src/stm32h7xx_hal_cortex.c.obj
                0x080082b0                HAL_NVIC_SetPriorityGrouping
 .text.HAL_NVIC_SetPriority
                0x080082d4       0x6c CMakeFiles/Balanced_Infantry.elf.dir/Drivers/STM32H7xx_HAL_Driver/Src/stm32h7xx_hal_cortex.c.obj
                0x080082d4                HAL_NVIC_SetPriority
 .text.HAL_NVIC_EnableIRQ
                0x08008340       0x1c CMakeFiles/Balanced_Infantry.elf.dir/Drivers/STM32H7xx_HAL_Driver/Src/stm32h7xx_hal_cortex.c.obj
                0x08008340                HAL_NVIC_EnableIRQ
 .text.HAL_MPU_Disable
                0x0800835c       0x1c CMakeFiles/Balanced_Infantry.elf.dir/Drivers/STM32H7xx_HAL_Driver/Src/stm32h7xx_hal_cortex.c.obj
                0x0800835c                HAL_MPU_Disable
 .text.HAL_MPU_Enable
                0x08008378       0x20 CMakeFiles/Balanced_Infantry.elf.dir/Drivers/STM32H7xx_HAL_Driver/Src/stm32h7xx_hal_cortex.c.obj
                0x08008378                HAL_MPU_Enable
 .text.HAL_MPU_ConfigRegion
                0x08008398       0x58 CMakeFiles/Balanced_Infantry.elf.dir/Drivers/STM32H7xx_HAL_Driver/Src/stm32h7xx_hal_cortex.c.obj
                0x08008398                HAL_MPU_ConfigRegion
 .text.DMA_SetConfig
                0x080083f0      0x1b4 CMakeFiles/Balanced_Infantry.elf.dir/Drivers/STM32H7xx_HAL_Driver/Src/stm32h7xx_hal_dma.c.obj
 .text.DMA_CalcBaseAndBitshift
                0x080085a4       0xb4 CMakeFiles/Balanced_Infantry.elf.dir/Drivers/STM32H7xx_HAL_Driver/Src/stm32h7xx_hal_dma.c.obj
 .text.DMA_CheckFifoParam
                0x08008658       0x92 CMakeFiles/Balanced_Infantry.elf.dir/Drivers/STM32H7xx_HAL_Driver/Src/stm32h7xx_hal_dma.c.obj
 *fill*         0x080086ea        0x2 
 .text.DMA_CalcDMAMUXChannelBaseAndMask
                0x080086ec       0xb0 CMakeFiles/Balanced_Infantry.elf.dir/Drivers/STM32H7xx_HAL_Driver/Src/stm32h7xx_hal_dma.c.obj
 .text.DMA_CalcDMAMUXRequestGenBaseAndMask
                0x0800879c       0x7c CMakeFiles/Balanced_Infantry.elf.dir/Drivers/STM32H7xx_HAL_Driver/Src/stm32h7xx_hal_dma.c.obj
 .text.HAL_DMA_Init
                0x08008818      0x394 CMakeFiles/Balanced_Infantry.elf.dir/Drivers/STM32H7xx_HAL_Driver/Src/stm32h7xx_hal_dma.c.obj
                0x08008818                HAL_DMA_Init
 .text.HAL_DMA_Start
                0x08008bac      0x148 CMakeFiles/Balanced_Infantry.elf.dir/Drivers/STM32H7xx_HAL_Driver/Src/stm32h7xx_hal_dma.c.obj
                0x08008bac                HAL_DMA_Start
 .text.HAL_DMA_Start_IT
                0x08008cf4      0x298 CMakeFiles/Balanced_Infantry.elf.dir/Drivers/STM32H7xx_HAL_Driver/Src/stm32h7xx_hal_dma.c.obj
                0x08008cf4                HAL_DMA_Start_IT
 .text.HAL_DMA_Abort
                0x08008f8c      0x340 CMakeFiles/Balanced_Infantry.elf.dir/Drivers/STM32H7xx_HAL_Driver/Src/stm32h7xx_hal_dma.c.obj
                0x08008f8c                HAL_DMA_Abort
 .text.HAL_DMA_Abort_IT
                0x080092cc      0x270 CMakeFiles/Balanced_Infantry.elf.dir/Drivers/STM32H7xx_HAL_Driver/Src/stm32h7xx_hal_dma.c.obj
                0x080092cc                HAL_DMA_Abort_IT
 .text.HAL_DMA_IRQHandler
                0x0800953c      0x738 CMakeFiles/Balanced_Infantry.elf.dir/Drivers/STM32H7xx_HAL_Driver/Src/stm32h7xx_hal_dma.c.obj
                0x0800953c                HAL_DMA_IRQHandler
 .text.HAL_DMA_GetError
                0x08009c74        0x4 CMakeFiles/Balanced_Infantry.elf.dir/Drivers/STM32H7xx_HAL_Driver/Src/stm32h7xx_hal_dma.c.obj
                0x08009c74                HAL_DMA_GetError
 .text.FDCAN_CalcultateRamBlockAddresses
                0x08009c78      0x1d4 CMakeFiles/Balanced_Infantry.elf.dir/Drivers/STM32H7xx_HAL_Driver/Src/stm32h7xx_hal_fdcan.c.obj
 .text.FDCAN_CopyMessageToRAM
                0x08009e4c       0x8c CMakeFiles/Balanced_Infantry.elf.dir/Drivers/STM32H7xx_HAL_Driver/Src/stm32h7xx_hal_fdcan.c.obj
 .text.HAL_FDCAN_Init
                0x08009ed8      0x294 CMakeFiles/Balanced_Infantry.elf.dir/Drivers/STM32H7xx_HAL_Driver/Src/stm32h7xx_hal_fdcan.c.obj
                0x08009ed8                HAL_FDCAN_Init
 .text.HAL_FDCAN_ConfigFilter
                0x0800a16c       0x88 CMakeFiles/Balanced_Infantry.elf.dir/Drivers/STM32H7xx_HAL_Driver/Src/stm32h7xx_hal_fdcan.c.obj
                0x0800a16c                HAL_FDCAN_ConfigFilter
 .text.HAL_FDCAN_ConfigGlobalFilter
                0x0800a1f4       0x36 CMakeFiles/Balanced_Infantry.elf.dir/Drivers/STM32H7xx_HAL_Driver/Src/stm32h7xx_hal_fdcan.c.obj
                0x0800a1f4                HAL_FDCAN_ConfigGlobalFilter
 .text.HAL_FDCAN_ConfigFifoWatermark
                0x0800a22a       0x5e CMakeFiles/Balanced_Infantry.elf.dir/Drivers/STM32H7xx_HAL_Driver/Src/stm32h7xx_hal_fdcan.c.obj
                0x0800a22a                HAL_FDCAN_ConfigFifoWatermark
 .text.HAL_FDCAN_Start
                0x0800a288       0x34 CMakeFiles/Balanced_Infantry.elf.dir/Drivers/STM32H7xx_HAL_Driver/Src/stm32h7xx_hal_fdcan.c.obj
                0x0800a288                HAL_FDCAN_Start
 .text.HAL_FDCAN_AddMessageToTxFifoQ
                0x0800a2bc       0x76 CMakeFiles/Balanced_Infantry.elf.dir/Drivers/STM32H7xx_HAL_Driver/Src/stm32h7xx_hal_fdcan.c.obj
                0x0800a2bc                HAL_FDCAN_AddMessageToTxFifoQ
 *fill*         0x0800a332        0x2 
 .text.HAL_FDCAN_GetRxMessage
                0x0800a334      0x1e8 CMakeFiles/Balanced_Infantry.elf.dir/Drivers/STM32H7xx_HAL_Driver/Src/stm32h7xx_hal_fdcan.c.obj
                0x0800a334                HAL_FDCAN_GetRxMessage
 .text.HAL_FDCAN_ActivateNotification
                0x0800a51c       0x90 CMakeFiles/Balanced_Infantry.elf.dir/Drivers/STM32H7xx_HAL_Driver/Src/stm32h7xx_hal_fdcan.c.obj
                0x0800a51c                HAL_FDCAN_ActivateNotification
 .text.HAL_FDCAN_ClockCalibrationCallback
                0x0800a5ac        0x2 CMakeFiles/Balanced_Infantry.elf.dir/Drivers/STM32H7xx_HAL_Driver/Src/stm32h7xx_hal_fdcan.c.obj
                0x0800a5ac                HAL_FDCAN_ClockCalibrationCallback
 .text.HAL_FDCAN_TxEventFifoCallback
                0x0800a5ae        0x2 CMakeFiles/Balanced_Infantry.elf.dir/Drivers/STM32H7xx_HAL_Driver/Src/stm32h7xx_hal_fdcan.c.obj
                0x0800a5ae                HAL_FDCAN_TxEventFifoCallback
 .text.HAL_FDCAN_RxFifo1Callback
                0x0800a5b0        0x2 CMakeFiles/Balanced_Infantry.elf.dir/Drivers/STM32H7xx_HAL_Driver/Src/stm32h7xx_hal_fdcan.c.obj
                0x0800a5b0                HAL_FDCAN_RxFifo1Callback
 .text.HAL_FDCAN_TxFifoEmptyCallback
                0x0800a5b2        0x2 CMakeFiles/Balanced_Infantry.elf.dir/Drivers/STM32H7xx_HAL_Driver/Src/stm32h7xx_hal_fdcan.c.obj
                0x0800a5b2                HAL_FDCAN_TxFifoEmptyCallback
 .text.HAL_FDCAN_TxBufferCompleteCallback
                0x0800a5b4        0x2 CMakeFiles/Balanced_Infantry.elf.dir/Drivers/STM32H7xx_HAL_Driver/Src/stm32h7xx_hal_fdcan.c.obj
                0x0800a5b4                HAL_FDCAN_TxBufferCompleteCallback
 .text.HAL_FDCAN_TxBufferAbortCallback
                0x0800a5b6        0x2 CMakeFiles/Balanced_Infantry.elf.dir/Drivers/STM32H7xx_HAL_Driver/Src/stm32h7xx_hal_fdcan.c.obj
                0x0800a5b6                HAL_FDCAN_TxBufferAbortCallback
 .text.HAL_FDCAN_RxBufferNewMessageCallback
                0x0800a5b8        0x2 CMakeFiles/Balanced_Infantry.elf.dir/Drivers/STM32H7xx_HAL_Driver/Src/stm32h7xx_hal_fdcan.c.obj
                0x0800a5b8                HAL_FDCAN_RxBufferNewMessageCallback
 .text.HAL_FDCAN_TimestampWraparoundCallback
                0x0800a5ba        0x2 CMakeFiles/Balanced_Infantry.elf.dir/Drivers/STM32H7xx_HAL_Driver/Src/stm32h7xx_hal_fdcan.c.obj
                0x0800a5ba                HAL_FDCAN_TimestampWraparoundCallback
 .text.HAL_FDCAN_TimeoutOccurredCallback
                0x0800a5bc        0x2 CMakeFiles/Balanced_Infantry.elf.dir/Drivers/STM32H7xx_HAL_Driver/Src/stm32h7xx_hal_fdcan.c.obj
                0x0800a5bc                HAL_FDCAN_TimeoutOccurredCallback
 .text.HAL_FDCAN_HighPriorityMessageCallback
                0x0800a5be        0x2 CMakeFiles/Balanced_Infantry.elf.dir/Drivers/STM32H7xx_HAL_Driver/Src/stm32h7xx_hal_fdcan.c.obj
                0x0800a5be                HAL_FDCAN_HighPriorityMessageCallback
 .text.HAL_FDCAN_ErrorCallback
                0x0800a5c0        0x2 CMakeFiles/Balanced_Infantry.elf.dir/Drivers/STM32H7xx_HAL_Driver/Src/stm32h7xx_hal_fdcan.c.obj
                0x0800a5c0                HAL_FDCAN_ErrorCallback
 .text.HAL_FDCAN_ErrorStatusCallback
                0x0800a5c2        0x2 CMakeFiles/Balanced_Infantry.elf.dir/Drivers/STM32H7xx_HAL_Driver/Src/stm32h7xx_hal_fdcan.c.obj
                0x0800a5c2                HAL_FDCAN_ErrorStatusCallback
 .text.HAL_FDCAN_TT_ScheduleSyncCallback
                0x0800a5c4        0x2 CMakeFiles/Balanced_Infantry.elf.dir/Drivers/STM32H7xx_HAL_Driver/Src/stm32h7xx_hal_fdcan.c.obj
                0x0800a5c4                HAL_FDCAN_TT_ScheduleSyncCallback
 .text.HAL_FDCAN_TT_TimeMarkCallback
                0x0800a5c6        0x2 CMakeFiles/Balanced_Infantry.elf.dir/Drivers/STM32H7xx_HAL_Driver/Src/stm32h7xx_hal_fdcan.c.obj
                0x0800a5c6                HAL_FDCAN_TT_TimeMarkCallback
 .text.HAL_FDCAN_TT_StopWatchCallback
                0x0800a5c8        0x2 CMakeFiles/Balanced_Infantry.elf.dir/Drivers/STM32H7xx_HAL_Driver/Src/stm32h7xx_hal_fdcan.c.obj
                0x0800a5c8                HAL_FDCAN_TT_StopWatchCallback
 .text.HAL_FDCAN_TT_GlobalTimeCallback
                0x0800a5ca        0x2 CMakeFiles/Balanced_Infantry.elf.dir/Drivers/STM32H7xx_HAL_Driver/Src/stm32h7xx_hal_fdcan.c.obj
                0x0800a5ca                HAL_FDCAN_TT_GlobalTimeCallback
 .text.HAL_FDCAN_IRQHandler
                0x0800a5cc      0x31c CMakeFiles/Balanced_Infantry.elf.dir/Drivers/STM32H7xx_HAL_Driver/Src/stm32h7xx_hal_fdcan.c.obj
                0x0800a5cc                HAL_FDCAN_IRQHandler
 .text.HAL_GPIO_Init
                0x0800a8e8      0x214 CMakeFiles/Balanced_Infantry.elf.dir/Drivers/STM32H7xx_HAL_Driver/Src/stm32h7xx_hal_gpio.c.obj
                0x0800a8e8                HAL_GPIO_Init
 .text.HAL_GPIO_WritePin
                0x0800aafc        0xc CMakeFiles/Balanced_Infantry.elf.dir/Drivers/STM32H7xx_HAL_Driver/Src/stm32h7xx_hal_gpio.c.obj
                0x0800aafc                HAL_GPIO_WritePin
 .text.PCD_WriteEmptyTxFifo
                0x0800ab08       0xd0 CMakeFiles/Balanced_Infantry.elf.dir/Drivers/STM32H7xx_HAL_Driver/Src/stm32h7xx_hal_pcd.c.obj
 .text.HAL_PCD_Init
                0x0800abd8      0x102 CMakeFiles/Balanced_Infantry.elf.dir/Drivers/STM32H7xx_HAL_Driver/Src/stm32h7xx_hal_pcd.c.obj
                0x0800abd8                HAL_PCD_Init
 .text.HAL_PCD_Start
                0x0800acda       0x44 CMakeFiles/Balanced_Infantry.elf.dir/Drivers/STM32H7xx_HAL_Driver/Src/stm32h7xx_hal_pcd.c.obj
                0x0800acda                HAL_PCD_Start
 *fill*         0x0800ad1e        0x2 
 .text.PCD_EP_OutXfrComplete_int
                0x0800ad20      0x104 CMakeFiles/Balanced_Infantry.elf.dir/Drivers/STM32H7xx_HAL_Driver/Src/stm32h7xx_hal_pcd.c.obj
 .text.PCD_EP_OutSetupPacket_int
                0x0800ae24       0x50 CMakeFiles/Balanced_Infantry.elf.dir/Drivers/STM32H7xx_HAL_Driver/Src/stm32h7xx_hal_pcd.c.obj
 .text.HAL_PCD_SetAddress
                0x0800ae74       0x26 CMakeFiles/Balanced_Infantry.elf.dir/Drivers/STM32H7xx_HAL_Driver/Src/stm32h7xx_hal_pcd.c.obj
                0x0800ae74                HAL_PCD_SetAddress
 .text.HAL_PCD_EP_Open
                0x0800ae9a       0x88 CMakeFiles/Balanced_Infantry.elf.dir/Drivers/STM32H7xx_HAL_Driver/Src/stm32h7xx_hal_pcd.c.obj
                0x0800ae9a                HAL_PCD_EP_Open
 .text.HAL_PCD_EP_Close
                0x0800af22       0x70 CMakeFiles/Balanced_Infantry.elf.dir/Drivers/STM32H7xx_HAL_Driver/Src/stm32h7xx_hal_pcd.c.obj
                0x0800af22                HAL_PCD_EP_Close
 .text.HAL_PCD_EP_Receive
                0x0800af92       0x4a CMakeFiles/Balanced_Infantry.elf.dir/Drivers/STM32H7xx_HAL_Driver/Src/stm32h7xx_hal_pcd.c.obj
                0x0800af92                HAL_PCD_EP_Receive
 .text.HAL_PCD_EP_GetRxCount
                0x0800afdc       0x12 CMakeFiles/Balanced_Infantry.elf.dir/Drivers/STM32H7xx_HAL_Driver/Src/stm32h7xx_hal_pcd.c.obj
                0x0800afdc                HAL_PCD_EP_GetRxCount
 .text.HAL_PCD_EP_Transmit
                0x0800afee       0x4a CMakeFiles/Balanced_Infantry.elf.dir/Drivers/STM32H7xx_HAL_Driver/Src/stm32h7xx_hal_pcd.c.obj
                0x0800afee                HAL_PCD_EP_Transmit
 .text.HAL_PCD_EP_SetStall
                0x0800b038       0x86 CMakeFiles/Balanced_Infantry.elf.dir/Drivers/STM32H7xx_HAL_Driver/Src/stm32h7xx_hal_pcd.c.obj
                0x0800b038                HAL_PCD_EP_SetStall
 .text.HAL_PCD_EP_ClrStall
                0x0800b0be       0x74 CMakeFiles/Balanced_Infantry.elf.dir/Drivers/STM32H7xx_HAL_Driver/Src/stm32h7xx_hal_pcd.c.obj
                0x0800b0be                HAL_PCD_EP_ClrStall
 .text.HAL_PCD_EP_Abort
                0x0800b132       0x34 CMakeFiles/Balanced_Infantry.elf.dir/Drivers/STM32H7xx_HAL_Driver/Src/stm32h7xx_hal_pcd.c.obj
                0x0800b132                HAL_PCD_EP_Abort
 .text.HAL_PCD_IRQHandler
                0x0800b166      0x5fe CMakeFiles/Balanced_Infantry.elf.dir/Drivers/STM32H7xx_HAL_Driver/Src/stm32h7xx_hal_pcd.c.obj
                0x0800b166                HAL_PCD_IRQHandler
 .text.HAL_PCDEx_SetTxFiFo
                0x0800b764       0x4c CMakeFiles/Balanced_Infantry.elf.dir/Drivers/STM32H7xx_HAL_Driver/Src/stm32h7xx_hal_pcd_ex.c.obj
                0x0800b764                HAL_PCDEx_SetTxFiFo
 .text.HAL_PCDEx_SetRxFiFo
                0x0800b7b0        0x8 CMakeFiles/Balanced_Infantry.elf.dir/Drivers/STM32H7xx_HAL_Driver/Src/stm32h7xx_hal_pcd_ex.c.obj
                0x0800b7b0                HAL_PCDEx_SetRxFiFo
 .text.HAL_PCDEx_ActivateLPM
                0x0800b7b8       0x28 CMakeFiles/Balanced_Infantry.elf.dir/Drivers/STM32H7xx_HAL_Driver/Src/stm32h7xx_hal_pcd_ex.c.obj
                0x0800b7b8                HAL_PCDEx_ActivateLPM
 .text.HAL_PCDEx_LPM_Callback
                0x0800b7e0        0x2 CMakeFiles/Balanced_Infantry.elf.dir/Drivers/STM32H7xx_HAL_Driver/Src/stm32h7xx_hal_pcd_ex.c.obj
                0x0800b7e0                HAL_PCDEx_LPM_Callback
 *fill*         0x0800b7e2        0x2 
 .text.HAL_PWREx_ConfigSupply
                0x0800b7e4       0x54 CMakeFiles/Balanced_Infantry.elf.dir/Drivers/STM32H7xx_HAL_Driver/Src/stm32h7xx_hal_pwr_ex.c.obj
                0x0800b7e4                HAL_PWREx_ConfigSupply
 .text.HAL_PWREx_EnableUSBVoltageDetector
                0x0800b838       0x10 CMakeFiles/Balanced_Infantry.elf.dir/Drivers/STM32H7xx_HAL_Driver/Src/stm32h7xx_hal_pwr_ex.c.obj
                0x0800b838                HAL_PWREx_EnableUSBVoltageDetector
 .text.HAL_RCC_OscConfig
                0x0800b848      0x5ec CMakeFiles/Balanced_Infantry.elf.dir/Drivers/STM32H7xx_HAL_Driver/Src/stm32h7xx_hal_rcc.c.obj
                0x0800b848                HAL_RCC_OscConfig
 .text.HAL_RCC_MCOConfig
                0x0800be34       0xa4 CMakeFiles/Balanced_Infantry.elf.dir/Drivers/STM32H7xx_HAL_Driver/Src/stm32h7xx_hal_rcc.c.obj
                0x0800be34                HAL_RCC_MCOConfig
 .text.HAL_RCC_GetSysClockFreq
                0x0800bed8      0x1f4 CMakeFiles/Balanced_Infantry.elf.dir/Drivers/STM32H7xx_HAL_Driver/Src/stm32h7xx_hal_rcc.c.obj
                0x0800bed8                HAL_RCC_GetSysClockFreq
 .text.HAL_RCC_ClockConfig
                0x0800c0cc      0x294 CMakeFiles/Balanced_Infantry.elf.dir/Drivers/STM32H7xx_HAL_Driver/Src/stm32h7xx_hal_rcc.c.obj
                0x0800c0cc                HAL_RCC_ClockConfig
 .text.HAL_RCC_GetHCLKFreq
                0x0800c360       0x44 CMakeFiles/Balanced_Infantry.elf.dir/Drivers/STM32H7xx_HAL_Driver/Src/stm32h7xx_hal_rcc.c.obj
                0x0800c360                HAL_RCC_GetHCLKFreq
 .text.HAL_RCC_GetPCLK1Freq
                0x0800c3a4       0x24 CMakeFiles/Balanced_Infantry.elf.dir/Drivers/STM32H7xx_HAL_Driver/Src/stm32h7xx_hal_rcc.c.obj
                0x0800c3a4                HAL_RCC_GetPCLK1Freq
 .text.HAL_RCC_GetPCLK2Freq
                0x0800c3c8       0x24 CMakeFiles/Balanced_Infantry.elf.dir/Drivers/STM32H7xx_HAL_Driver/Src/stm32h7xx_hal_rcc.c.obj
                0x0800c3c8                HAL_RCC_GetPCLK2Freq
 .text.HAL_RCC_GetClockConfig
                0x0800c3ec       0x54 CMakeFiles/Balanced_Infantry.elf.dir/Drivers/STM32H7xx_HAL_Driver/Src/stm32h7xx_hal_rcc.c.obj
                0x0800c3ec                HAL_RCC_GetClockConfig
 .text.RCCEx_PLL2_Config
                0x0800c440      0x10c CMakeFiles/Balanced_Infantry.elf.dir/Drivers/STM32H7xx_HAL_Driver/Src/stm32h7xx_hal_rcc_ex.c.obj
 .text.RCCEx_PLL3_Config
                0x0800c54c      0x10c CMakeFiles/Balanced_Infantry.elf.dir/Drivers/STM32H7xx_HAL_Driver/Src/stm32h7xx_hal_rcc_ex.c.obj
 .text.HAL_RCCEx_PeriphCLKConfig
                0x0800c658      0xa0c CMakeFiles/Balanced_Infantry.elf.dir/Drivers/STM32H7xx_HAL_Driver/Src/stm32h7xx_hal_rcc_ex.c.obj
                0x0800c658                HAL_RCCEx_PeriphCLKConfig
 .text.HAL_RCCEx_GetD3PCLK1Freq
                0x0800d064       0x24 CMakeFiles/Balanced_Infantry.elf.dir/Drivers/STM32H7xx_HAL_Driver/Src/stm32h7xx_hal_rcc_ex.c.obj
                0x0800d064                HAL_RCCEx_GetD3PCLK1Freq
 .text.HAL_RCCEx_GetPLL2ClockFreq
                0x0800d088      0x1f8 CMakeFiles/Balanced_Infantry.elf.dir/Drivers/STM32H7xx_HAL_Driver/Src/stm32h7xx_hal_rcc_ex.c.obj
                0x0800d088                HAL_RCCEx_GetPLL2ClockFreq
 .text.HAL_RCCEx_GetPLL3ClockFreq
                0x0800d280      0x1f8 CMakeFiles/Balanced_Infantry.elf.dir/Drivers/STM32H7xx_HAL_Driver/Src/stm32h7xx_hal_rcc_ex.c.obj
                0x0800d280                HAL_RCCEx_GetPLL3ClockFreq
 .text.HAL_RCCEx_GetPLL1ClockFreq
                0x0800d478      0x1f8 CMakeFiles/Balanced_Infantry.elf.dir/Drivers/STM32H7xx_HAL_Driver/Src/stm32h7xx_hal_rcc_ex.c.obj
                0x0800d478                HAL_RCCEx_GetPLL1ClockFreq
 .text.HAL_RCCEx_GetPeriphCLKFreq
                0x0800d670      0x600 CMakeFiles/Balanced_Infantry.elf.dir/Drivers/STM32H7xx_HAL_Driver/Src/stm32h7xx_hal_rcc_ex.c.obj
                0x0800d670                HAL_RCCEx_GetPeriphCLKFreq
 .text.SPI_CloseTransfer
                0x0800dc70       0xd0 CMakeFiles/Balanced_Infantry.elf.dir/Drivers/STM32H7xx_HAL_Driver/Src/stm32h7xx_hal_spi.c.obj
 .text.SPI_GetPacketSize
                0x0800dd40       0x10 CMakeFiles/Balanced_Infantry.elf.dir/Drivers/STM32H7xx_HAL_Driver/Src/stm32h7xx_hal_spi.c.obj
 .text.SPI_WaitOnFlagUntilTimeout
                0x0800dd50       0x46 CMakeFiles/Balanced_Infantry.elf.dir/Drivers/STM32H7xx_HAL_Driver/Src/stm32h7xx_hal_spi.c.obj
 *fill*         0x0800dd96        0x2 
 .text.HAL_SPI_Init
                0x0800dd98      0x190 CMakeFiles/Balanced_Infantry.elf.dir/Drivers/STM32H7xx_HAL_Driver/Src/stm32h7xx_hal_spi.c.obj
                0x0800dd98                HAL_SPI_Init
 .text.HAL_SPI_TransmitReceive
                0x0800df28      0x494 CMakeFiles/Balanced_Infantry.elf.dir/Drivers/STM32H7xx_HAL_Driver/Src/stm32h7xx_hal_spi.c.obj
                0x0800df28                HAL_SPI_TransmitReceive
 .text.HAL_SPI_TxCpltCallback
                0x0800e3bc        0x2 CMakeFiles/Balanced_Infantry.elf.dir/Drivers/STM32H7xx_HAL_Driver/Src/stm32h7xx_hal_spi.c.obj
                0x0800e3bc                HAL_SPI_TxCpltCallback
 .text.HAL_SPI_RxCpltCallback
                0x0800e3be        0x2 CMakeFiles/Balanced_Infantry.elf.dir/Drivers/STM32H7xx_HAL_Driver/Src/stm32h7xx_hal_spi.c.obj
                0x0800e3be                HAL_SPI_RxCpltCallback
 .text.HAL_SPI_TxRxCpltCallback
                0x0800e3c0        0x2 CMakeFiles/Balanced_Infantry.elf.dir/Drivers/STM32H7xx_HAL_Driver/Src/stm32h7xx_hal_spi.c.obj
                0x0800e3c0                HAL_SPI_TxRxCpltCallback
 .text.HAL_SPI_ErrorCallback
                0x0800e3c2        0x2 CMakeFiles/Balanced_Infantry.elf.dir/Drivers/STM32H7xx_HAL_Driver/Src/stm32h7xx_hal_spi.c.obj
                0x0800e3c2                HAL_SPI_ErrorCallback
 .text.SPI_DMAAbortOnError
                0x0800e3c4       0x1a CMakeFiles/Balanced_Infantry.elf.dir/Drivers/STM32H7xx_HAL_Driver/Src/stm32h7xx_hal_spi.c.obj
 .text.HAL_SPI_SuspendCallback
                0x0800e3de        0x2 CMakeFiles/Balanced_Infantry.elf.dir/Drivers/STM32H7xx_HAL_Driver/Src/stm32h7xx_hal_spi.c.obj
                0x0800e3de                HAL_SPI_SuspendCallback
 .text.HAL_SPI_IRQHandler
                0x0800e3e0      0x240 CMakeFiles/Balanced_Infantry.elf.dir/Drivers/STM32H7xx_HAL_Driver/Src/stm32h7xx_hal_spi.c.obj
                0x0800e3e0                HAL_SPI_IRQHandler
 .text.TIM_OC1_SetConfig
                0x0800e620       0xa8 CMakeFiles/Balanced_Infantry.elf.dir/Drivers/STM32H7xx_HAL_Driver/Src/stm32h7xx_hal_tim.c.obj
 .text.TIM_OC3_SetConfig
                0x0800e6c8       0x94 CMakeFiles/Balanced_Infantry.elf.dir/Drivers/STM32H7xx_HAL_Driver/Src/stm32h7xx_hal_tim.c.obj
 .text.TIM_OC4_SetConfig
                0x0800e75c       0x74 CMakeFiles/Balanced_Infantry.elf.dir/Drivers/STM32H7xx_HAL_Driver/Src/stm32h7xx_hal_tim.c.obj
 .text.TIM_OC5_SetConfig
                0x0800e7d0       0x74 CMakeFiles/Balanced_Infantry.elf.dir/Drivers/STM32H7xx_HAL_Driver/Src/stm32h7xx_hal_tim.c.obj
 .text.TIM_OC6_SetConfig
                0x0800e844       0x74 CMakeFiles/Balanced_Infantry.elf.dir/Drivers/STM32H7xx_HAL_Driver/Src/stm32h7xx_hal_tim.c.obj
 .text.TIM_TI1_ConfigInputStage
                0x0800e8b8       0x26 CMakeFiles/Balanced_Infantry.elf.dir/Drivers/STM32H7xx_HAL_Driver/Src/stm32h7xx_hal_tim.c.obj
 .text.TIM_TI2_ConfigInputStage
                0x0800e8de       0x28 CMakeFiles/Balanced_Infantry.elf.dir/Drivers/STM32H7xx_HAL_Driver/Src/stm32h7xx_hal_tim.c.obj
 *fill*         0x0800e906        0x2 
 .text.TIM_ITRx_SetConfig
                0x0800e908       0x14 CMakeFiles/Balanced_Infantry.elf.dir/Drivers/STM32H7xx_HAL_Driver/Src/stm32h7xx_hal_tim.c.obj
 .text.HAL_TIM_Base_Start_IT
                0x0800e91c       0xa0 CMakeFiles/Balanced_Infantry.elf.dir/Drivers/STM32H7xx_HAL_Driver/Src/stm32h7xx_hal_tim.c.obj
                0x0800e91c                HAL_TIM_Base_Start_IT
 .text.HAL_TIM_OC_DelayElapsedCallback
                0x0800e9bc        0x2 CMakeFiles/Balanced_Infantry.elf.dir/Drivers/STM32H7xx_HAL_Driver/Src/stm32h7xx_hal_tim.c.obj
                0x0800e9bc                HAL_TIM_OC_DelayElapsedCallback
 .text.HAL_TIM_IC_CaptureCallback
                0x0800e9be        0x2 CMakeFiles/Balanced_Infantry.elf.dir/Drivers/STM32H7xx_HAL_Driver/Src/stm32h7xx_hal_tim.c.obj
                0x0800e9be                HAL_TIM_IC_CaptureCallback
 .text.HAL_TIM_PWM_PulseFinishedCallback
                0x0800e9c0        0x2 CMakeFiles/Balanced_Infantry.elf.dir/Drivers/STM32H7xx_HAL_Driver/Src/stm32h7xx_hal_tim.c.obj
                0x0800e9c0                HAL_TIM_PWM_PulseFinishedCallback
 .text.HAL_TIM_TriggerCallback
                0x0800e9c2        0x2 CMakeFiles/Balanced_Infantry.elf.dir/Drivers/STM32H7xx_HAL_Driver/Src/stm32h7xx_hal_tim.c.obj
                0x0800e9c2                HAL_TIM_TriggerCallback
 .text.HAL_TIM_IRQHandler
                0x0800e9c4      0x17a CMakeFiles/Balanced_Infantry.elf.dir/Drivers/STM32H7xx_HAL_Driver/Src/stm32h7xx_hal_tim.c.obj
                0x0800e9c4                HAL_TIM_IRQHandler
 *fill*         0x0800eb3e        0x2 
 .text.TIM_Base_SetConfig
                0x0800eb40      0x130 CMakeFiles/Balanced_Infantry.elf.dir/Drivers/STM32H7xx_HAL_Driver/Src/stm32h7xx_hal_tim.c.obj
                0x0800eb40                TIM_Base_SetConfig
 .text.HAL_TIM_Base_Init
                0x0800ec70       0x60 CMakeFiles/Balanced_Infantry.elf.dir/Drivers/STM32H7xx_HAL_Driver/Src/stm32h7xx_hal_tim.c.obj
                0x0800ec70                HAL_TIM_Base_Init
 .text.HAL_TIM_PWM_Init
                0x0800ecd0       0x60 CMakeFiles/Balanced_Infantry.elf.dir/Drivers/STM32H7xx_HAL_Driver/Src/stm32h7xx_hal_tim.c.obj
                0x0800ecd0                HAL_TIM_PWM_Init
 .text.TIM_OC2_SetConfig
                0x0800ed30       0x94 CMakeFiles/Balanced_Infantry.elf.dir/Drivers/STM32H7xx_HAL_Driver/Src/stm32h7xx_hal_tim.c.obj
                0x0800ed30                TIM_OC2_SetConfig
 .text.HAL_TIM_PWM_ConfigChannel
                0x0800edc4      0x13a CMakeFiles/Balanced_Infantry.elf.dir/Drivers/STM32H7xx_HAL_Driver/Src/stm32h7xx_hal_tim.c.obj
                0x0800edc4                HAL_TIM_PWM_ConfigChannel
 .text.TIM_ETR_SetConfig
                0x0800eefe       0x1a CMakeFiles/Balanced_Infantry.elf.dir/Drivers/STM32H7xx_HAL_Driver/Src/stm32h7xx_hal_tim.c.obj
                0x0800eefe                TIM_ETR_SetConfig
 .text.HAL_TIM_ConfigClockSource
                0x0800ef18      0x138 CMakeFiles/Balanced_Infantry.elf.dir/Drivers/STM32H7xx_HAL_Driver/Src/stm32h7xx_hal_tim.c.obj
                0x0800ef18                HAL_TIM_ConfigClockSource
 .text.TIM_CCxChannelCmd
                0x0800f050       0x1e CMakeFiles/Balanced_Infantry.elf.dir/Drivers/STM32H7xx_HAL_Driver/Src/stm32h7xx_hal_tim.c.obj
                0x0800f050                TIM_CCxChannelCmd
 *fill*         0x0800f06e        0x2 
 .text.HAL_TIM_PWM_Start
                0x0800f070      0x178 CMakeFiles/Balanced_Infantry.elf.dir/Drivers/STM32H7xx_HAL_Driver/Src/stm32h7xx_hal_tim.c.obj
                0x0800f070                HAL_TIM_PWM_Start
 .text.HAL_TIMEx_MasterConfigSynchronization
                0x0800f1e8       0xb0 CMakeFiles/Balanced_Infantry.elf.dir/Drivers/STM32H7xx_HAL_Driver/Src/stm32h7xx_hal_tim_ex.c.obj
                0x0800f1e8                HAL_TIMEx_MasterConfigSynchronization
 .text.HAL_TIMEx_CommutCallback
                0x0800f298        0x2 CMakeFiles/Balanced_Infantry.elf.dir/Drivers/STM32H7xx_HAL_Driver/Src/stm32h7xx_hal_tim_ex.c.obj
                0x0800f298                HAL_TIMEx_CommutCallback
 .text.HAL_TIMEx_BreakCallback
                0x0800f29a        0x2 CMakeFiles/Balanced_Infantry.elf.dir/Drivers/STM32H7xx_HAL_Driver/Src/stm32h7xx_hal_tim_ex.c.obj
                0x0800f29a                HAL_TIMEx_BreakCallback
 .text.HAL_TIMEx_Break2Callback
                0x0800f29c        0x2 CMakeFiles/Balanced_Infantry.elf.dir/Drivers/STM32H7xx_HAL_Driver/Src/stm32h7xx_hal_tim_ex.c.obj
                0x0800f29c                HAL_TIMEx_Break2Callback
 .text.UART_EndTxTransfer
                0x0800f29e       0x32 CMakeFiles/Balanced_Infantry.elf.dir/Drivers/STM32H7xx_HAL_Driver/Src/stm32h7xx_hal_uart.c.obj
 .text.UART_EndRxTransfer
                0x0800f2d0       0x58 CMakeFiles/Balanced_Infantry.elf.dir/Drivers/STM32H7xx_HAL_Driver/Src/stm32h7xx_hal_uart.c.obj
 .text.HAL_UART_Transmit_DMA
                0x0800f328       0x9c CMakeFiles/Balanced_Infantry.elf.dir/Drivers/STM32H7xx_HAL_Driver/Src/stm32h7xx_hal_uart.c.obj
                0x0800f328                HAL_UART_Transmit_DMA
 .text.HAL_UART_DMAStop
                0x0800f3c4       0xb2 CMakeFiles/Balanced_Infantry.elf.dir/Drivers/STM32H7xx_HAL_Driver/Src/stm32h7xx_hal_uart.c.obj
                0x0800f3c4                HAL_UART_DMAStop
 .text.HAL_UART_TxCpltCallback
                0x0800f476        0x2 CMakeFiles/Balanced_Infantry.elf.dir/Drivers/STM32H7xx_HAL_Driver/Src/stm32h7xx_hal_uart.c.obj
                0x0800f476                HAL_UART_TxCpltCallback
 .text.UART_DMATransmitCplt
                0x0800f478       0x46 CMakeFiles/Balanced_Infantry.elf.dir/Drivers/STM32H7xx_HAL_Driver/Src/stm32h7xx_hal_uart.c.obj
 .text.UART_EndTransmit_IT
                0x0800f4be       0x24 CMakeFiles/Balanced_Infantry.elf.dir/Drivers/STM32H7xx_HAL_Driver/Src/stm32h7xx_hal_uart.c.obj
 .text.HAL_UART_TxHalfCpltCallback
                0x0800f4e2        0x2 CMakeFiles/Balanced_Infantry.elf.dir/Drivers/STM32H7xx_HAL_Driver/Src/stm32h7xx_hal_uart.c.obj
                0x0800f4e2                HAL_UART_TxHalfCpltCallback
 .text.UART_DMATxHalfCplt
                0x0800f4e4        0xa CMakeFiles/Balanced_Infantry.elf.dir/Drivers/STM32H7xx_HAL_Driver/Src/stm32h7xx_hal_uart.c.obj
 .text.HAL_UART_RxCpltCallback
                0x0800f4ee        0x2 CMakeFiles/Balanced_Infantry.elf.dir/Drivers/STM32H7xx_HAL_Driver/Src/stm32h7xx_hal_uart.c.obj
                0x0800f4ee                HAL_UART_RxCpltCallback
 .text.HAL_UART_RxHalfCpltCallback
                0x0800f4f0        0x2 CMakeFiles/Balanced_Infantry.elf.dir/Drivers/STM32H7xx_HAL_Driver/Src/stm32h7xx_hal_uart.c.obj
                0x0800f4f0                HAL_UART_RxHalfCpltCallback
 .text.HAL_UART_ErrorCallback
                0x0800f4f2        0x2 CMakeFiles/Balanced_Infantry.elf.dir/Drivers/STM32H7xx_HAL_Driver/Src/stm32h7xx_hal_uart.c.obj
                0x0800f4f2                HAL_UART_ErrorCallback
 .text.UART_DMAError
                0x0800f4f4       0x58 CMakeFiles/Balanced_Infantry.elf.dir/Drivers/STM32H7xx_HAL_Driver/Src/stm32h7xx_hal_uart.c.obj
 .text.UART_DMAAbortOnError
                0x0800f54c       0x14 CMakeFiles/Balanced_Infantry.elf.dir/Drivers/STM32H7xx_HAL_Driver/Src/stm32h7xx_hal_uart.c.obj
 .text.HAL_UARTEx_RxEventCallback
                0x0800f560        0x2 CMakeFiles/Balanced_Infantry.elf.dir/Drivers/STM32H7xx_HAL_Driver/Src/stm32h7xx_hal_uart.c.obj
                0x0800f560                HAL_UARTEx_RxEventCallback
 *fill*         0x0800f562        0x2 
 .text.HAL_UART_IRQHandler
                0x0800f564      0x3b8 CMakeFiles/Balanced_Infantry.elf.dir/Drivers/STM32H7xx_HAL_Driver/Src/stm32h7xx_hal_uart.c.obj
                0x0800f564                HAL_UART_IRQHandler
 .text.UART_DMARxHalfCplt
                0x0800f91c       0x20 CMakeFiles/Balanced_Infantry.elf.dir/Drivers/STM32H7xx_HAL_Driver/Src/stm32h7xx_hal_uart.c.obj
 .text.UART_DMAReceiveCplt
                0x0800f93c       0x90 CMakeFiles/Balanced_Infantry.elf.dir/Drivers/STM32H7xx_HAL_Driver/Src/stm32h7xx_hal_uart.c.obj
 .text.UART_SetConfig
                0x0800f9cc      0x6bc CMakeFiles/Balanced_Infantry.elf.dir/Drivers/STM32H7xx_HAL_Driver/Src/stm32h7xx_hal_uart.c.obj
                0x0800f9cc                UART_SetConfig
 .text.UART_AdvFeatureConfig
                0x08010088       0xca CMakeFiles/Balanced_Infantry.elf.dir/Drivers/STM32H7xx_HAL_Driver/Src/stm32h7xx_hal_uart.c.obj
                0x08010088                UART_AdvFeatureConfig
 .text.UART_WaitOnFlagUntilTimeout
                0x08010152       0xaa CMakeFiles/Balanced_Infantry.elf.dir/Drivers/STM32H7xx_HAL_Driver/Src/stm32h7xx_hal_uart.c.obj
                0x08010152                UART_WaitOnFlagUntilTimeout
 .text.UART_CheckIdleState
                0x080101fc       0xca CMakeFiles/Balanced_Infantry.elf.dir/Drivers/STM32H7xx_HAL_Driver/Src/stm32h7xx_hal_uart.c.obj
                0x080101fc                UART_CheckIdleState
 .text.HAL_UART_Init
                0x080102c6       0x66 CMakeFiles/Balanced_Infantry.elf.dir/Drivers/STM32H7xx_HAL_Driver/Src/stm32h7xx_hal_uart.c.obj
                0x080102c6                HAL_UART_Init
 .text.UART_Start_Receive_DMA
                0x0801032c       0xb0 CMakeFiles/Balanced_Infantry.elf.dir/Drivers/STM32H7xx_HAL_Driver/Src/stm32h7xx_hal_uart.c.obj
                0x0801032c                UART_Start_Receive_DMA
 .text.HAL_UART_Receive_DMA
                0x080103dc       0x4c CMakeFiles/Balanced_Infantry.elf.dir/Drivers/STM32H7xx_HAL_Driver/Src/stm32h7xx_hal_uart.c.obj
                0x080103dc                HAL_UART_Receive_DMA
 .text.UARTEx_SetNbDataToProcess
                0x08010428       0x4c CMakeFiles/Balanced_Infantry.elf.dir/Drivers/STM32H7xx_HAL_Driver/Src/stm32h7xx_hal_uart_ex.c.obj
 .text.HAL_RS485Ex_Init
                0x08010474       0x88 CMakeFiles/Balanced_Infantry.elf.dir/Drivers/STM32H7xx_HAL_Driver/Src/stm32h7xx_hal_uart_ex.c.obj
                0x08010474                HAL_RS485Ex_Init
 .text.HAL_UARTEx_WakeupCallback
                0x080104fc        0x2 CMakeFiles/Balanced_Infantry.elf.dir/Drivers/STM32H7xx_HAL_Driver/Src/stm32h7xx_hal_uart_ex.c.obj
                0x080104fc                HAL_UARTEx_WakeupCallback
 .text.HAL_UARTEx_RxFifoFullCallback
                0x080104fe        0x2 CMakeFiles/Balanced_Infantry.elf.dir/Drivers/STM32H7xx_HAL_Driver/Src/stm32h7xx_hal_uart_ex.c.obj
                0x080104fe                HAL_UARTEx_RxFifoFullCallback
 .text.HAL_UARTEx_TxFifoEmptyCallback
                0x08010500        0x2 CMakeFiles/Balanced_Infantry.elf.dir/Drivers/STM32H7xx_HAL_Driver/Src/stm32h7xx_hal_uart_ex.c.obj
                0x08010500                HAL_UARTEx_TxFifoEmptyCallback
 .text.HAL_UARTEx_DisableFifoMode
                0x08010502       0x3e CMakeFiles/Balanced_Infantry.elf.dir/Drivers/STM32H7xx_HAL_Driver/Src/stm32h7xx_hal_uart_ex.c.obj
                0x08010502                HAL_UARTEx_DisableFifoMode
 .text.HAL_UARTEx_SetTxFifoThreshold
                0x08010540       0x4a CMakeFiles/Balanced_Infantry.elf.dir/Drivers/STM32H7xx_HAL_Driver/Src/stm32h7xx_hal_uart_ex.c.obj
                0x08010540                HAL_UARTEx_SetTxFifoThreshold
 .text.HAL_UARTEx_SetRxFifoThreshold
                0x0801058a       0x4a CMakeFiles/Balanced_Infantry.elf.dir/Drivers/STM32H7xx_HAL_Driver/Src/stm32h7xx_hal_uart_ex.c.obj
                0x0801058a                HAL_UARTEx_SetRxFifoThreshold
 .text.USB_CoreReset
                0x080105d4       0x4a CMakeFiles/Balanced_Infantry.elf.dir/Drivers/STM32H7xx_HAL_Driver/Src/stm32h7xx_ll_usb.c.obj
 *fill*         0x0801061e        0x2 
 .text.USB_CoreInit
                0x08010620       0xa4 CMakeFiles/Balanced_Infantry.elf.dir/Drivers/STM32H7xx_HAL_Driver/Src/stm32h7xx_ll_usb.c.obj
                0x08010620                USB_CoreInit
 .text.USB_SetTurnaroundTime
                0x080106c4       0xe4 CMakeFiles/Balanced_Infantry.elf.dir/Drivers/STM32H7xx_HAL_Driver/Src/stm32h7xx_ll_usb.c.obj
                0x080106c4                USB_SetTurnaroundTime
 .text.USB_EnableGlobalInt
                0x080107a8        0xc CMakeFiles/Balanced_Infantry.elf.dir/Drivers/STM32H7xx_HAL_Driver/Src/stm32h7xx_ll_usb.c.obj
                0x080107a8                USB_EnableGlobalInt
 .text.USB_DisableGlobalInt
                0x080107b4        0xc CMakeFiles/Balanced_Infantry.elf.dir/Drivers/STM32H7xx_HAL_Driver/Src/stm32h7xx_ll_usb.c.obj
                0x080107b4                USB_DisableGlobalInt
 .text.USB_FlushTxFifo
                0x080107c0       0x4a CMakeFiles/Balanced_Infantry.elf.dir/Drivers/STM32H7xx_HAL_Driver/Src/stm32h7xx_ll_usb.c.obj
                0x080107c0                USB_FlushTxFifo
 .text.USB_FlushRxFifo
                0x0801080a       0x46 CMakeFiles/Balanced_Infantry.elf.dir/Drivers/STM32H7xx_HAL_Driver/Src/stm32h7xx_ll_usb.c.obj
                0x0801080a                USB_FlushRxFifo
 .text.USB_SetDevSpeed
                0x08010850        0xe CMakeFiles/Balanced_Infantry.elf.dir/Drivers/STM32H7xx_HAL_Driver/Src/stm32h7xx_ll_usb.c.obj
                0x08010850                USB_SetDevSpeed
 *fill*         0x0801085e        0x2 
 .text.USB_DevInit
                0x08010860      0x18c CMakeFiles/Balanced_Infantry.elf.dir/Drivers/STM32H7xx_HAL_Driver/Src/stm32h7xx_ll_usb.c.obj
                0x08010860                USB_DevInit
 .text.USB_GetDevSpeed
                0x080109ec       0x1e CMakeFiles/Balanced_Infantry.elf.dir/Drivers/STM32H7xx_HAL_Driver/Src/stm32h7xx_ll_usb.c.obj
                0x080109ec                USB_GetDevSpeed
 *fill*         0x08010a0a        0x2 
 .text.USB_ActivateEndpoint
                0x08010a0c       0x9c CMakeFiles/Balanced_Infantry.elf.dir/Drivers/STM32H7xx_HAL_Driver/Src/stm32h7xx_ll_usb.c.obj
                0x08010a0c                USB_ActivateEndpoint
 .text.USB_DeactivateEndpoint
                0x08010aa8       0xe0 CMakeFiles/Balanced_Infantry.elf.dir/Drivers/STM32H7xx_HAL_Driver/Src/stm32h7xx_ll_usb.c.obj
                0x08010aa8                USB_DeactivateEndpoint
 .text.USB_EPStopXfer
                0x08010b88       0xbe CMakeFiles/Balanced_Infantry.elf.dir/Drivers/STM32H7xx_HAL_Driver/Src/stm32h7xx_ll_usb.c.obj
                0x08010b88                USB_EPStopXfer
 .text.USB_WritePacket
                0x08010c46       0x2e CMakeFiles/Balanced_Infantry.elf.dir/Drivers/STM32H7xx_HAL_Driver/Src/stm32h7xx_ll_usb.c.obj
                0x08010c46                USB_WritePacket
 .text.USB_EPStartXfer
                0x08010c74      0x23c CMakeFiles/Balanced_Infantry.elf.dir/Drivers/STM32H7xx_HAL_Driver/Src/stm32h7xx_ll_usb.c.obj
                0x08010c74                USB_EPStartXfer
 .text.USB_ReadPacket
                0x08010eb0       0x54 CMakeFiles/Balanced_Infantry.elf.dir/Drivers/STM32H7xx_HAL_Driver/Src/stm32h7xx_ll_usb.c.obj
                0x08010eb0                USB_ReadPacket
 .text.USB_EPSetStall
                0x08010f04       0x5a CMakeFiles/Balanced_Infantry.elf.dir/Drivers/STM32H7xx_HAL_Driver/Src/stm32h7xx_ll_usb.c.obj
                0x08010f04                USB_EPSetStall
 .text.USB_EPClearStall
                0x08010f5e       0x5c CMakeFiles/Balanced_Infantry.elf.dir/Drivers/STM32H7xx_HAL_Driver/Src/stm32h7xx_ll_usb.c.obj
                0x08010f5e                USB_EPClearStall
 .text.USB_SetDevAddress
                0x08010fba       0x20 CMakeFiles/Balanced_Infantry.elf.dir/Drivers/STM32H7xx_HAL_Driver/Src/stm32h7xx_ll_usb.c.obj
                0x08010fba                USB_SetDevAddress
 .text.USB_DevConnect
                0x08010fda       0x1c CMakeFiles/Balanced_Infantry.elf.dir/Drivers/STM32H7xx_HAL_Driver/Src/stm32h7xx_ll_usb.c.obj
                0x08010fda                USB_DevConnect
 .text.USB_DevDisconnect
                0x08010ff6       0x1c CMakeFiles/Balanced_Infantry.elf.dir/Drivers/STM32H7xx_HAL_Driver/Src/stm32h7xx_ll_usb.c.obj
                0x08010ff6                USB_DevDisconnect
 .text.USB_ReadInterrupts
                0x08011012        0x8 CMakeFiles/Balanced_Infantry.elf.dir/Drivers/STM32H7xx_HAL_Driver/Src/stm32h7xx_ll_usb.c.obj
                0x08011012                USB_ReadInterrupts
 .text.USB_ReadDevAllOutEpInterrupt
                0x0801101a       0x10 CMakeFiles/Balanced_Infantry.elf.dir/Drivers/STM32H7xx_HAL_Driver/Src/stm32h7xx_ll_usb.c.obj
                0x0801101a                USB_ReadDevAllOutEpInterrupt
 .text.USB_ReadDevAllInEpInterrupt
                0x0801102a       0x10 CMakeFiles/Balanced_Infantry.elf.dir/Drivers/STM32H7xx_HAL_Driver/Src/stm32h7xx_ll_usb.c.obj
                0x0801102a                USB_ReadDevAllInEpInterrupt
 .text.USB_ReadDevOutEPInterrupt
                0x0801103a       0x12 CMakeFiles/Balanced_Infantry.elf.dir/Drivers/STM32H7xx_HAL_Driver/Src/stm32h7xx_ll_usb.c.obj
                0x0801103a                USB_ReadDevOutEPInterrupt
 .text.USB_ReadDevInEPInterrupt
                0x0801104c       0x28 CMakeFiles/Balanced_Infantry.elf.dir/Drivers/STM32H7xx_HAL_Driver/Src/stm32h7xx_ll_usb.c.obj
                0x0801104c                USB_ReadDevInEPInterrupt
 .text.USB_GetMode
                0x08011074        0x8 CMakeFiles/Balanced_Infantry.elf.dir/Drivers/STM32H7xx_HAL_Driver/Src/stm32h7xx_ll_usb.c.obj
                0x08011074                USB_GetMode
 .text.USB_SetCurrentMode
                0x0801107c       0x62 CMakeFiles/Balanced_Infantry.elf.dir/Drivers/STM32H7xx_HAL_Driver/Src/stm32h7xx_ll_usb.c.obj
                0x0801107c                USB_SetCurrentMode
 *fill*         0x080110de        0x2 
 .text.USB_ActivateSetup